../Bsp/cc1120.c:31:6:cc1120_gdo0_register_callback	16	static
../Bsp/cc1120.c:36:6:cc1120_gdo2_register_callback	16	static
../Bsp/cc1120.c:42:6:cc112x_hw_rst	8	static
../Bsp/cc1120.c:51:9:CC1120_SpiRead	32	static
../Bsp/cc1120.c:63:9:CC1120_SpiWrite	24	static
../Bsp/cc1120.c:74:9:CC1120_SpiCmdStrobe	32	static
../Bsp/cc1120.c:92:6:CC1120_ReadWriteBurstSingle	32	static
../Bsp/cc1120.c:128:9:CC1120_8BitRegAccess	24	static
../Bsp/cc1120.c:142:9:CC1120_16BitRegAccess	24	static
../Bsp/cc1120.c:157:9:CC1120_SpiWriteReg	32	static
../Bsp/cc1120.c:179:9:CC1120_SpiReadReg	32	static
../Bsp/cc1120.c:201:9:CC1120_SpiWriteTxFifo	24	static
../Bsp/cc1120.c:208:9:CC1120_SpiReadRxFifo	24	static
../Bsp/cc1120.c:218:6:GetPartAndVersion	48	static
../Bsp/cc1120.c:245:6:registerConfig	16	static
../Bsp/cc1120.c:265:9:CC1120_setFrequency	32	static
../Bsp/cc1120.c:341:6:manualCalibration	24	static
../Bsp/cc1120.c:483:6:perCC112xSetOutputPower	24	static
../Bsp/cc1120.c:507:6:cc1120_cmd_idle	16	static
../Bsp/cc1120.c:539:6:cc1120_cmd_calibrate	8	static,ignoring_inline_asm
../Bsp/cc1120.c:547:6:PacketSend	56	static,ignoring_inline_asm
../Bsp/cc1120.c:629:6:PacketSend2	56	static
../Bsp/cc1120.c:693:9:send_packet	24	static
../Bsp/cc1120.c:741:6:send_packet2	24	static
../Bsp/cc1120.c:791:6:HAL_GPIO_EXTI_Callback	16	static
../Bsp/cc1120.c:811:6:cc1120_init	8	static
