Archive member included to satisfy reference by file (symbol)

c:/st/stm32cubeide_1.12.1/stm32cubeide/plugins/com.st.stm32cube.ide.mcu.externaltools.gnu-tools-for-stm32.10.3-2021.10.win32_1.0.200.202301161003/tools/bin/../lib/gcc/arm-none-eabi/10.3.1/../../../../arm-none-eabi/lib/thumb/v7e-m+fp/hard\libc_nano.a(lib_a-assert.o)
                              ./Bsp/freemodbus-v1.6/mbrtu.o (__assert_func)
c:/st/stm32cubeide_1.12.1/stm32cubeide/plugins/com.st.stm32cube.ide.mcu.externaltools.gnu-tools-for-stm32.10.3-2021.10.win32_1.0.200.202301161003/tools/bin/../lib/gcc/arm-none-eabi/10.3.1/../../../../arm-none-eabi/lib/thumb/v7e-m+fp/hard\libc_nano.a(lib_a-errno.o)
                              ./Core/Src/syscalls.o (__errno)
c:/st/stm32cubeide_1.12.1/stm32cubeide/plugins/com.st.stm32cube.ide.mcu.externaltools.gnu-tools-for-stm32.10.3-2021.10.win32_1.0.200.202301161003/tools/bin/../lib/gcc/arm-none-eabi/10.3.1/../../../../arm-none-eabi/lib/thumb/v7e-m+fp/hard\libc_nano.a(lib_a-exit.o)
                              c:/st/stm32cubeide_1.12.1/stm32cubeide/plugins/com.st.stm32cube.ide.mcu.externaltools.gnu-tools-for-stm32.10.3-2021.10.win32_1.0.200.202301161003/tools/bin/../lib/gcc/arm-none-eabi/10.3.1/../../../../arm-none-eabi/lib/thumb/v7e-m+fp/hard/crt0.o (exit)
c:/st/stm32cubeide_1.12.1/stm32cubeide/plugins/com.st.stm32cube.ide.mcu.externaltools.gnu-tools-for-stm32.10.3-2021.10.win32_1.0.200.202301161003/tools/bin/../lib/gcc/arm-none-eabi/10.3.1/../../../../arm-none-eabi/lib/thumb/v7e-m+fp/hard\libc_nano.a(lib_a-fprintf.o)
                              c:/st/stm32cubeide_1.12.1/stm32cubeide/plugins/com.st.stm32cube.ide.mcu.externaltools.gnu-tools-for-stm32.10.3-2021.10.win32_1.0.200.202301161003/tools/bin/../lib/gcc/arm-none-eabi/10.3.1/../../../../arm-none-eabi/lib/thumb/v7e-m+fp/hard\libc_nano.a(lib_a-assert.o) (fiprintf)
c:/st/stm32cubeide_1.12.1/stm32cubeide/plugins/com.st.stm32cube.ide.mcu.externaltools.gnu-tools-for-stm32.10.3-2021.10.win32_1.0.200.202301161003/tools/bin/../lib/gcc/arm-none-eabi/10.3.1/../../../../arm-none-eabi/lib/thumb/v7e-m+fp/hard\libc_nano.a(lib_a-impure.o)
                              c:/st/stm32cubeide_1.12.1/stm32cubeide/plugins/com.st.stm32cube.ide.mcu.externaltools.gnu-tools-for-stm32.10.3-2021.10.win32_1.0.200.202301161003/tools/bin/../lib/gcc/arm-none-eabi/10.3.1/../../../../arm-none-eabi/lib/thumb/v7e-m+fp/hard\libc_nano.a(lib_a-exit.o) (_global_impure_ptr)
c:/st/stm32cubeide_1.12.1/stm32cubeide/plugins/com.st.stm32cube.ide.mcu.externaltools.gnu-tools-for-stm32.10.3-2021.10.win32_1.0.200.202301161003/tools/bin/../lib/gcc/arm-none-eabi/10.3.1/../../../../arm-none-eabi/lib/thumb/v7e-m+fp/hard\libc_nano.a(lib_a-init.o)
                              c:/st/stm32cubeide_1.12.1/stm32cubeide/plugins/com.st.stm32cube.ide.mcu.externaltools.gnu-tools-for-stm32.10.3-2021.10.win32_1.0.200.202301161003/tools/bin/../lib/gcc/arm-none-eabi/10.3.1/../../../../arm-none-eabi/lib/thumb/v7e-m+fp/hard/crt0.o (__libc_init_array)
c:/st/stm32cubeide_1.12.1/stm32cubeide/plugins/com.st.stm32cube.ide.mcu.externaltools.gnu-tools-for-stm32.10.3-2021.10.win32_1.0.200.202301161003/tools/bin/../lib/gcc/arm-none-eabi/10.3.1/../../../../arm-none-eabi/lib/thumb/v7e-m+fp/hard\libc_nano.a(lib_a-memcpy-stub.o)
                              ./Bsp/freemodbus-v1.6/mbfuncother.o (memcpy)
c:/st/stm32cubeide_1.12.1/stm32cubeide/plugins/com.st.stm32cube.ide.mcu.externaltools.gnu-tools-for-stm32.10.3-2021.10.win32_1.0.200.202301161003/tools/bin/../lib/gcc/arm-none-eabi/10.3.1/../../../../arm-none-eabi/lib/thumb/v7e-m+fp/hard\libc_nano.a(lib_a-memset.o)
                              c:/st/stm32cubeide_1.12.1/stm32cubeide/plugins/com.st.stm32cube.ide.mcu.externaltools.gnu-tools-for-stm32.10.3-2021.10.win32_1.0.200.202301161003/tools/bin/../lib/gcc/arm-none-eabi/10.3.1/../../../../arm-none-eabi/lib/thumb/v7e-m+fp/hard/crt0.o (memset)
c:/st/stm32cubeide_1.12.1/stm32cubeide/plugins/com.st.stm32cube.ide.mcu.externaltools.gnu-tools-for-stm32.10.3-2021.10.win32_1.0.200.202301161003/tools/bin/../lib/gcc/arm-none-eabi/10.3.1/../../../../arm-none-eabi/lib/thumb/v7e-m+fp/hard\libc_nano.a(lib_a-nano-vfprintf.o)
                              c:/st/stm32cubeide_1.12.1/stm32cubeide/plugins/com.st.stm32cube.ide.mcu.externaltools.gnu-tools-for-stm32.10.3-2021.10.win32_1.0.200.202301161003/tools/bin/../lib/gcc/arm-none-eabi/10.3.1/../../../../arm-none-eabi/lib/thumb/v7e-m+fp/hard\libc_nano.a(lib_a-fprintf.o) (_vfprintf_r)
c:/st/stm32cubeide_1.12.1/stm32cubeide/plugins/com.st.stm32cube.ide.mcu.externaltools.gnu-tools-for-stm32.10.3-2021.10.win32_1.0.200.202301161003/tools/bin/../lib/gcc/arm-none-eabi/10.3.1/../../../../arm-none-eabi/lib/thumb/v7e-m+fp/hard\libc_nano.a(lib_a-nano-vfprintf_i.o)
[...]
Memory Configuration

Name             Origin             Length             Attributes
CCMRAM           0x0000000010000000 0x0000000000010000 xrw
RAM              0x0000000020000000 0x0000000000020000 xrw
FLASH            0x0000000008000000 0x0000000000100000 xr
*default*        0x0000000000000000 0xffffffffffffffff

Linker script and memory map

LOAD c:/st/stm32cubeide_1.12.1/stm32cubeide/plugins/com.st.stm32cube.ide.mcu.externaltools.gnu-tools-for-stm32.10.3-2021.10.win32_1.0.200.202301161003/tools/bin/../lib/gcc/arm-none-eabi/10.3.1/thumb/v7e-m+fp/hard/crti.o
LOAD c:/st/stm32cubeide_1.12.1/stm32cubeide/plugins/com.st.stm32cube.ide.mcu.externaltools.gnu-tools-for-stm32.10.3-2021.10.win32_1.0.200.202301161003/tools/bin/../lib/gcc/arm-none-eabi/10.3.1/thumb/v7e-m+fp/hard/crtbegin.o
LOAD c:/st/stm32cubeide_1.12.1/stm32cubeide/plugins/com.st.stm32cube.ide.mcu.externaltools.gnu-tools-for-stm32.10.3-2021.10.win32_1.0.200.202301161003/tools/bin/../lib/gcc/arm-none-eabi/10.3.1/../../../../arm-none-eabi/lib/thumb/v7e-m+fp/hard/crt0.o
LOAD ./Bsp/buzzer.o
LOAD ./Bsp/cc1120.o
LOAD ./Bsp/detect.o
LOAD ./Bsp/flash.o
LOAD ./Bsp/global.o
LOAD ./Bsp/led.o
LOAD ./Bsp/max17048.o
LOAD ./Bsp/packet.o
LOAD ./Bsp/ringbuf.o
LOAD ./Bsp/send_to_pc.o
LOAD ./Bsp/softtimer.o
LOAD ./Bsp/tdma_c.o
LOAD ./Bsp/tdma_mgt.o
LOAD ./Bsp/freemodbus-v1.6/mb.o
LOAD ./Bsp/freemodbus-v1.6/mbascii.o
LOAD ./Bsp/freemodbus-v1.6/mbcrc.o
LOAD ./Bsp/freemodbus-v1.6/mbfunccoils.o
LOAD ./Bsp/freemodbus-v1.6/mbfuncdiag.o
LOAD ./Bsp/freemodbus-v1.6/mbfuncdisc.o
LOAD ./Bsp/freemodbus-v1.6/mbfuncholding.o
LOAD ./Bsp/freemodbus-v1.6/mbfuncinput.o
LOAD ./Bsp/freemodbus-v1.6/mbfuncother.o
LOAD ./Bsp/freemodbus-v1.6/mbrtu.o
LOAD ./Bsp/freemodbus-v1.6/mbtcp.o
LOAD ./Bsp/freemodbus-v1.6/mbutils.o
LOAD ./Bsp/freemodbus-v1.6/port.o
LOAD ./Bsp/freemodbus-v1.6/portevent.o
LOAD ./Bsp/freemodbus-v1.6/portserial.o
LOAD ./Bsp/freemodbus-v1.6/porttimer.o
LOAD ./Core/Src/gpio.o
LOAD ./Core/Src/i2c.o
LOAD ./Core/Src/main.o
LOAD ./Core/Src/spi.o
LOAD ./Core/Src/stm32f4xx_hal_msp.o
LOAD ./Core/Src/stm32f4xx_it.o
LOAD ./Core/Src/syscalls.o
LOAD ./Core/Src/sysmem.o
LOAD ./Core/Src/system_stm32f4xx.o
LOAD ./Core/Src/tim.o
LOAD ./Core/Src/usart.o
LOAD ./Core/Startup/startup_stm32f405rgtx.o
LOAD ./Drivers/STM32F4xx_HAL_Driver/Src/stm32f4xx_hal.o
LOAD ./Drivers/STM32F4xx_HAL_Driver/Src/stm32f4xx_hal_cortex.o
LOAD ./Drivers/STM32F4xx_HAL_Driver/Src/stm32f4xx_hal_dma.o
LOAD ./Drivers/STM32F4xx_HAL_Driver/Src/stm32f4xx_hal_dma_ex.o
LOAD ./Drivers/STM32F4xx_HAL_Driver/Src/stm32f4xx_hal_exti.o
LOAD ./Drivers/STM32F4xx_HAL_Driver/Src/stm32f4xx_hal_flash.o
LOAD ./Drivers/STM32F4xx_HAL_Driver/Src/stm32f4xx_hal_flash_ex.o
LOAD ./Drivers/STM32F4xx_HAL_Driver/Src/stm32f4xx_hal_flash_ramfunc.o
LOAD ./Drivers/STM32F4xx_HAL_Driver/Src/stm32f4xx_hal_gpio.o
LOAD ./Drivers/STM32F4xx_HAL_Driver/Src/stm32f4xx_hal_i2c.o
LOAD ./Drivers/STM32F4xx_HAL_Driver/Src/stm32f4xx_hal_i2c_ex.o
LOAD ./Drivers/STM32F4xx_HAL_Driver/Src/stm32f4xx_hal_pwr.o
LOAD ./Drivers/STM32F4xx_HAL_Driver/Src/stm32f4xx_hal_pwr_ex.o
LOAD ./Drivers/STM32F4xx_HAL_Driver/Src/stm32f4xx_hal_rcc.o
LOAD ./Drivers/STM32F4xx_HAL_Driver/Src/stm32f4xx_hal_rcc_ex.o
LOAD ./Drivers/STM32F4xx_HAL_Driver/Src/stm32f4xx_hal_spi.o
LOAD ./Drivers/STM32F4xx_HAL_Driver/Src/stm32f4xx_hal_tim.o
LOAD ./Drivers/STM32F4xx_HAL_Driver/Src/stm32f4xx_hal_tim_ex.o
LOAD ./Drivers/STM32F4xx_HAL_Driver/Src/stm32f4xx_hal_uart.o
START GROUP
LOAD c:/st/stm32cubeide_1.12.1/stm32cubeide/plugins/com.st.stm32cube.ide.mcu.externaltools.gnu-tools-for-stm32.10.3-2021.10.win32_1.0.200.202301161003/tools/bin/../lib/gcc/arm-none-eabi/10.3.1/../../../../arm-none-eabi/lib/thumb/v7e-m+fp/hard\libc_nano.a
LOAD c:/st/stm32cubeide_1.12.1/stm32cubeide/plugins/com.st.stm32cube.ide.mcu.externaltools.gnu-tools-for-stm32.10.3-2021.10.win32_1.0.200.202301161003/tools/bin/../lib/gcc/arm-none-eabi/10.3.1/../../../../arm-none-eabi/lib/thumb/v7e-m+fp/hard\libm.a
END GROUP
START GROUP
LOAD c:/st/stm32cubeide_1.12.1/stm32cubeide/plugins/com.st.stm32cube.ide.mcu.externaltools.gnu-tools-for-stm32.10.3-2021.10.win32_1.0.200.202301161003/tools/bin/../lib/gcc/arm-none-eabi/10.3.1/thumb/v7e-m+fp/hard\libgcc.a
LOAD c:/st/stm32cubeide_1.12.1/stm32cubeide/plugins/com.st.stm32cube.ide.mcu.externaltools.gnu-tools-for-stm32.10.3-2021.10.win32_1.0.200.202301161003/tools/bin/../lib/gcc/arm-none-eabi/10.3.1/../../../../arm-none-eabi/lib/thumb/v7e-m+fp/hard\libc_nano.a
END GROUP
START GROUP
LOAD c:/st/stm32cubeide_1.12.1/stm32cubeide/plugins/com.st.stm32cube.ide.mcu.externaltools.gnu-tools-for-stm32.10.3-2021.10.win32_1.0.200.202301161003/tools/bin/../lib/gcc/arm-none-eabi/10.3.1/thumb/v7e-m+fp/hard\libgcc.a
LOAD c:/st/stm32cubeide_1.12.1/stm32cubeide/plugins/com.st.stm32cube.ide.mcu.externaltools.gnu-tools-for-stm32.10.3-2021.10.win32_1.0.200.202301161003/tools/bin/../lib/gcc/arm-none-eabi/10.3.1/../../../../arm-none-eabi/lib/thumb/v7e-m+fp/hard\libc_nano.a
LOAD c:/st/stm32cubeide_1.12.1/stm32cubeide/plugins/com.st.stm32cube.ide.mcu.externaltools.gnu-tools-for-stm32.10.3-2021.10.win32_1.0.200.202301161003/tools/bin/../lib/gcc/arm-none-eabi/10.3.1/../../../../arm-none-eabi/lib/thumb/v7e-m+fp/hard\libnosys.a
END GROUP
START GROUP
LOAD c:/st/stm32cubeide_1.12.1/stm32cubeide/plugins/com.st.stm32cube.ide.mcu.externaltools.gnu-tools-for-stm32.10.3-2021.10.win32_1.0.200.202301161003/tools/bin/../lib/gcc/arm-none-eabi/10.3.1/thumb/v7e-m+fp/hard\libgcc.a
LOAD c:/st/stm32cubeide_1.12.1/stm32cubeide/plugins/com.st.stm32cube.ide.mcu.externaltools.gnu-tools-for-stm32.10.3-2021.10.win32_1.0.200.202301161003/tools/bin/../lib/gcc/arm-none-eabi/10.3.1/../../../../arm-none-eabi/lib/thumb/v7e-m+fp/hard\libc_nano.a
LOAD c:/st/stm32cubeide_1.12.1/stm32cubeide/plugins/com.st.stm32cube.ide.mcu.externaltools.gnu-tools-for-stm32.10.3-2021.10.win32_1.0.200.202301161003/tools/bin/../lib/gcc/arm-none-eabi/10.3.1/../../../../arm-none-eabi/lib/thumb/v7e-m+fp/hard\libnosys.a
END GROUP
LOAD c:/st/stm32cubeide_1.12.1/stm32cubeide/plugins/com.st.stm32cube.ide.mcu.externaltools.gnu-tools-for-stm32.10.3-2021.10.win32_1.0.200.202301161003/tools/bin/../lib/gcc/arm-none-eabi/10.3.1/thumb/v7e-m+fp/hard/crtend.o
LOAD c:/st/stm32cubeide_1.12.1/stm32cubeide/plugins/com.st.stm32cube.ide.mcu.externaltools.gnu-tools-for-stm32.10.3-2021.10.win32_1.0.200.202301161003/tools/bin/../lib/gcc/arm-none-eabi/10.3.1/thumb/v7e-m+fp/hard/crtn.o
                0x0000000020020000                _estack = (ORIGIN (RAM) + LENGTH (RAM))
                0x0000000000000200                _Min_Heap_Size = 0x200
                0x0000000000000400                _Min_Stack_Size = 0x400

.isr_vector     0x0000000008000000      0x188
                0x0000000008000000                . = ALIGN (0x4)
 *(.isr_vector)
 .isr_vector    0x0000000008000000      0x188 ./Core/Startup/startup_stm32f405rgtx.o
                0x0000000008000000                g_pfnVectors
                0x0000000008000188                . = ALIGN (0x4)

.text           0x0000000008000190     0x7650
                0x0000000008000190                . = ALIGN (0x4)
 *(.text)
 .text          0x0000000008000190       0x40 c:/st/stm32cubeide_1.12.1/stm32cubeide/plugins/com.st.stm32cube.ide.mcu.externaltools.gnu-tools-for-stm32.10.3-2021.10.win32_1.0.200.202301161003/tools/bin/../lib/gcc/arm-none-eabi/10.3.1/thumb/v7e-m+fp/hard/crtbegin.o
 .text          0x00000000080001d0       0x10 c:/st/stm32cubeide_1.12.1/stm32cubeide/plugins/com.st.stm32cube.ide.mcu.externaltools.gnu-tools-for-stm32.10.3-2021.10.win32_1.0.200.202301161003/tools/bin/../lib/gcc/arm-none-eabi/10.3.1/../../../../arm-none-eabi/lib/thumb/v7e-m+fp/hard\libc_nano.a(lib_a-strlen.o)
                0x00000000080001d0                strlen
 .text          0x00000000080001e0       0xa0 c:/st/stm32cubeide_1.12.1/stm32cubeide/plugins/com.st.stm32cube.ide.mcu.externaltools.gnu-tools-for-stm32.10.3-2021.10.win32_1.0.200.202301161003/tools/bin/../lib/gcc/arm-none-eabi/10.3.1/../../../../arm-none-eabi/lib/thumb/v7e-m+fp/hard\libc_nano.a(lib_a-memchr.o)
                0x00000000080001e0                memchr
 .text          0x0000000008000280      0x378 c:/st/stm32cubeide_1.12.1/stm32cubeide/plugins/com.st.stm32cube.ide.mcu.externaltools.gnu-tools-for-stm32.10.3-2021.10.win32_1.0.200.202301161003/tools/bin/../lib/gcc/arm-none-eabi/10.3.1/thumb/v7e-m+fp/hard\libgcc.a(_arm_addsubdf3.o)
                0x0000000008000280                __aeabi_drsub
                0x0000000008000288                __aeabi_dsub
                0x0000000008000288                __subdf3
                0x000000000800028c                __aeabi_dadd
                0x000000000800028c                __adddf3
                0x0000000008000504                __floatunsidf
                0x0000000008000504                __aeabi_ui2d
                0x0000000008000524                __floatsidf
                0x0000000008000524                __aeabi_i2d
                0x0000000008000548                __aeabi_f2d
                0x0000000008000548                __extendsfdf2
                0x000000000800058c                __floatundidf
                0x000000000800058c                __aeabi_ul2d
                0x000000000800059c                __floatdidf
                0x000000000800059c                __aeabi_l2d
 .text          0x00000000080005f8      0x110 c:/st/stm32cubeide_1.12.1/stm32cubeide/plugins/com.st.stm32cube.ide.mcu.externaltools.gnu-tools-for-stm32.10.3-2021.10.win32_1.0.200.202301161003/tools/bin/../lib/gcc/arm-none-eabi/10.3.1/thumb/v7e-m+fp/hard\libgcc.a(_arm_cmpdf2.o)
                0x00000000080005f8                __gtdf2
                0x00000000080005f8                __gedf2
                0x0000000008000600                __ltdf2
                0x0000000008000600                __ledf2
                0x0000000008000608                __nedf2
                0x0000000008000608                __eqdf2
                0x0000000008000608                __cmpdf2
                0x0000000008000684                __aeabi_cdrcmple
                0x0000000008000694                __aeabi_cdcmpeq
                0x0000000008000694                __aeabi_cdcmple
                0x00000000080006a4                __aeabi_dcmpeq
                0x00000000080006b8                __aeabi_dcmplt
                0x00000000080006cc                __aeabi_dcmple
                0x00000000080006e0                __aeabi_dcmpge
                0x00000000080006f4                __aeabi_dcmpgt
 .text          0x0000000008000708       0x30 c:/st/stm32cubeide_1.12.1/stm32cubeide/plugins/com.st.stm32cube.ide.mcu.externaltools.gnu-tools-for-stm32.10.3-2021.10.win32_1.0.200.202301161003/tools/bin/../lib/gcc/arm-none-eabi/10.3.1/thumb/v7e-m+fp/hard\libgcc.a(_aeabi_uldivmod.o)
                0x0000000008000708                __aeabi_uldivmod
 .text          0x0000000008000738      0x2d0 c:/st/stm32cubeide_1.12.1/stm32cubeide/plugins/com.st.stm32cube.ide.mcu.externaltools.gnu-tools-for-stm32.10.3-2021.10.win32_1.0.200.202301161003/tools/bin/../lib/gcc/arm-none-eabi/10.3.1/thumb/v7e-m+fp/hard\libgcc.a(_udivmoddi4.o)
                0x0000000008000738                __udivmoddi4
 .text          0x0000000008000a08        0x4 c:/st/stm32cubeide_1.12.1/stm32cubeide/plugins/com.st.stm32cube.ide.mcu.externaltools.gnu-tools-for-stm32.10.3-2021.10.win32_1.0.200.202301161003/tools/bin/../lib/gcc/arm-none-eabi/10.3.1/thumb/v7e-m+fp/hard\libgcc.a(_dvmd_tls.o)
                0x0000000008000a08                __aeabi_idiv0
                0x0000000008000a08                __aeabi_ldiv0
 *(.text*)
 .text.cc1120_gdo0_register_callback
                0x0000000008000a0c       0x20 ./Bsp/cc1120.o
                0x0000000008000a0c                cc1120_gdo0_register_callback
 .text.cc112x_hw_rst
                0x0000000008000a2c       0x2c ./Bsp/cc1120.o
                0x0000000008000a2c                cc112x_hw_rst
 .text.CC1120_SpiRead
                0x0000000008000a58       0x3c ./Bsp/cc1120.o
                0x0000000008000a58                CC1120_SpiRead
 .text.CC1120_SpiWrite
                0x0000000008000a94       0x38 ./Bsp/cc1120.o
                0x0000000008000a94                CC1120_SpiWrite
 .text.CC1120_SpiCmdStrobe
                0x0000000008000acc       0x54 ./Bsp/cc1120.o
                0x0000000008000acc                CC1120_SpiCmdStrobe
 .text.CC1120_ReadWriteBurstSingle
                0x0000000008000b20       0x9a ./Bsp/cc1120.o
                0x0000000008000b20                CC1120_ReadWriteBurstSingle
 *fill*         0x0000000008000bba        0x2 
 .text.CC1120_8BitRegAccess
                0x0000000008000bbc       0x60 ./Bsp/cc1120.o
                0x0000000008000bbc                CC1120_8BitRegAccess
 .text.CC1120_16BitRegAccess
                0x0000000008000c1c       0x64 ./Bsp/cc1120.o
                0x0000000008000c1c                CC1120_16BitRegAccess
 .text.CC1120_SpiWriteReg
                0x0000000008000c80       0x68 ./Bsp/cc1120.o
                0x0000000008000c80                CC1120_SpiWriteReg
 .text.CC1120_SpiReadReg
                0x0000000008000ce8       0x68 ./Bsp/cc1120.o
                0x0000000008000ce8                CC1120_SpiReadReg
 .text.CC1120_SpiWriteTxFifo
                0x0000000008000d50       0x26 ./Bsp/cc1120.o
                0x0000000008000d50                CC1120_SpiWriteTxFifo
 .text.CC1120_SpiReadRxFifo
                0x0000000008000d76       0x26 ./Bsp/cc1120.o
                0x0000000008000d76                CC1120_SpiReadRxFifo
 .text.GetPartAndVersion
                0x0000000008000d9c       0xa0 ./Bsp/cc1120.o
                0x0000000008000d9c                GetPartAndVersion
 .text.registerConfig
                0x0000000008000e3c       0x50 ./Bsp/cc1120.o
                0x0000000008000e3c                registerConfig
 *fill*         0x0000000008000e8c        0x4 
 .text.CC1120_setFrequency
                0x0000000008000e90      0x21c ./Bsp/cc1120.o
                0x0000000008000e90                CC1120_setFrequency
 .text.manualCalibration
                0x00000000080010ac      0x17c ./Bsp/cc1120.o
                0x00000000080010ac                manualCalibration
 .text.perCC112xSetOutputPower
                0x0000000008001228       0x2c ./Bsp/cc1120.o
                0x0000000008001228                perCC112xSetOutputPower
 .text.cc1120_cmd_idle
                0x0000000008001254       0x44 ./Bsp/cc1120.o
                0x0000000008001254                cc1120_cmd_idle
 .text.send_packet2
                0x0000000008001298       0x50 ./Bsp/cc1120.o
                0x0000000008001298                send_packet2
 .text.HAL_GPIO_EXTI_Callback
                0x00000000080012e8       0x2c ./Bsp/cc1120.o
                0x00000000080012e8                HAL_GPIO_EXTI_Callback
 .text.cc1120_init
                0x0000000008001314       0x40 ./Bsp/cc1120.o
                0x0000000008001314                cc1120_init
 .text.uartRingBuff_init
                0x0000000008001354       0x1c ./Bsp/packet.o
                0x0000000008001354                uartRingBuff_init
 .text.recvUartPkt
                0x0000000008001370       0x94 ./Bsp/packet.o
                0x0000000008001370                recvUartPkt
 .text.handleUart2Pkt
                0x0000000008001404       0xec ./Bsp/packet.o
                0x0000000008001404                handleUart2Pkt
 .text.uart2_receive_func
                0x00000000080014f0       0x28 ./Bsp/packet.o
                0x00000000080014f0                uart2_receive_func
 .text.update_index_atomic
                0x0000000008001518       0x3e ./Bsp/ringbuf.o
 .text.ringbuf_used
                0x0000000008001556       0x3c ./Bsp/ringbuf.o
                0x0000000008001556                ringbuf_used
 .text.ringbuf_free
                0x0000000008001592       0x20 ./Bsp/ringbuf.o
                0x0000000008001592                ringbuf_free
 .text.ringbuf_readone
                0x00000000080015b2       0x32 ./Bsp/ringbuf.o
                0x00000000080015b2                ringbuf_readone
 .text.ringbuf_writeone
                0x00000000080015e4       0x40 ./Bsp/ringbuf.o
                0x00000000080015e4                ringbuf_writeone
 .text.ringbuf_init
                0x0000000008001624       0x2e ./Bsp/ringbuf.o
                0x0000000008001624                ringbuf_init
 *fill*         0x0000000008001652        0x2 
 .text.send_to_pc
                0x0000000008001654     0x17b8 ./Bsp/send_to_pc.o
                0x0000000008001654                send_to_pc
 .text.swtimerInit
                0x0000000008002e0c       0x90 ./Bsp/softtimer.o
                0x0000000008002e0c                swtimerInit
 .text.swtimerISR
                0x0000000008002e9c      0x108 ./Bsp/softtimer.o
                0x0000000008002e9c                swtimerISR
 .text.swtimerSet
                0x0000000008002fa4       0x88 ./Bsp/softtimer.o
                0x0000000008002fa4                swtimerSet
 .text.swtimerStart
                0x000000000800302c       0x58 ./Bsp/softtimer.o
                0x000000000800302c                swtimerStart
 .text.swtimerGetHandle
                0x0000000008003084       0x30 ./Bsp/softtimer.o
                0x0000000008003084                swtimerGetHandle
 .text.mac_init
                0x00000000080030b4      0x180 ./Bsp/tdma_c.o
                0x00000000080030b4                mac_init
 .text.mac_set_new_data_cb
                0x0000000008003234       0x20 ./Bsp/tdma_c.o
                0x0000000008003234                mac_set_new_data_cb
 .text.set_rx   0x0000000008003254       0x1e ./Bsp/tdma_c.o
                0x0000000008003254                set_rx
 *fill*         0x0000000008003272        0x2 
 .text.slot_alarm
                0x0000000008003274       0x48 ./Bsp/tdma_c.o
                0x0000000008003274                slot_alarm
 .text.sleep_time_set
                0x00000000080032bc       0xb0 ./Bsp/tdma_c.o
                0x00000000080032bc                sleep_time_set
 .text.beacon_send
                0x000000000800336c       0x70 ./Bsp/tdma_c.o
                0x000000000800336c                beacon_send
 .text.beacon_sent
                0x00000000080033dc       0x24 ./Bsp/tdma_c.o
                0x00000000080033dc                beacon_sent
 .text.slot_data
                0x0000000008003400       0xf0 ./Bsp/tdma_c.o
                0x0000000008003400                slot_data
 .text.tdma_mgt_init
                0x00000000080034f0       0x3c ./Bsp/tdma_mgt.o
                0x00000000080034f0                tdma_mgt_init
 .text.prvvUARTTxReadyISR
                0x000000000800352c       0x14 ./Bsp/freemodbus-v1.6/portserial.o
 .text.prvvUARTRxISR
                0x0000000008003540       0x14 ./Bsp/freemodbus-v1.6/portserial.o
 .text.USART2_IRQHandler
                0x0000000008003554       0x84 ./Bsp/freemodbus-v1.6/portserial.o
                0x0000000008003554                USART2_IRQHandler
 .text.prvvTIMERExpiredISR
                0x00000000080035d8       0x14 ./Bsp/freemodbus-v1.6/porttimer.o
 .text.TIM7_IRQHandler
                0x00000000080035ec       0x28 ./Bsp/freemodbus-v1.6/porttimer.o
                0x00000000080035ec                TIM7_IRQHandler
 .text.MX_GPIO_Init
                0x0000000008003614      0x178 ./Core/Src/gpio.o
                0x0000000008003614                MX_GPIO_Init
 .text.MX_I2C1_Init
                0x000000000800378c       0x60 ./Core/Src/i2c.o
                0x000000000800378c                MX_I2C1_Init
 .text.HAL_I2C_MspInit
                0x00000000080037ec       0x90 ./Core/Src/i2c.o
                0x00000000080037ec                HAL_I2C_MspInit
 .text.mac_new_data
                0x000000000800387c       0x24 ./Core/Src/main.o
                0x000000000800387c                mac_new_data
 .text.main     0x00000000080038a0       0x54 ./Core/Src/main.o
                0x00000000080038a0                main
 .text.SystemClock_Config
                0x00000000080038f4       0xd4 ./Core/Src/main.o
                0x00000000080038f4                SystemClock_Config
 .text.Error_Handler
                0x00000000080039c8        0xa ./Core/Src/main.o
                0x00000000080039c8                Error_Handler
 *fill*         0x00000000080039d2        0x2 
 .text.MX_SPI1_Init
                0x00000000080039d4       0x6c ./Core/Src/spi.o
                0x00000000080039d4                MX_SPI1_Init
 .text.HAL_SPI_MspInit
                0x0000000008003a40       0x90 ./Core/Src/spi.o
                0x0000000008003a40                HAL_SPI_MspInit
 .text.HAL_MspInit
                0x0000000008003ad0       0x50 ./Core/Src/stm32f4xx_hal_msp.o
                0x0000000008003ad0                HAL_MspInit
 .text.NMI_Handler
                0x0000000008003b20        0x6 ./Core/Src/stm32f4xx_it.o
                0x0000000008003b20                NMI_Handler
 .text.HardFault_Handler
                0x0000000008003b26        0x6 ./Core/Src/stm32f4xx_it.o
                0x0000000008003b26                HardFault_Handler
 .text.MemManage_Handler
                0x0000000008003b2c        0x6 ./Core/Src/stm32f4xx_it.o
                0x0000000008003b2c                MemManage_Handler
 .text.BusFault_Handler
                0x0000000008003b32        0x6 ./Core/Src/stm32f4xx_it.o
                0x0000000008003b32                BusFault_Handler
 .text.UsageFault_Handler
                0x0000000008003b38        0x6 ./Core/Src/stm32f4xx_it.o
                0x0000000008003b38                UsageFault_Handler
 .text.SVC_Handler
                0x0000000008003b3e        0xe ./Core/Src/stm32f4xx_it.o
                0x0000000008003b3e                SVC_Handler
 .text.DebugMon_Handler
                0x0000000008003b4c        0xe ./Core/Src/stm32f4xx_it.o
                0x0000000008003b4c                DebugMon_Handler
 .text.PendSV_Handler
                0x0000000008003b5a        0xe ./Core/Src/stm32f4xx_it.o
                0x0000000008003b5a                PendSV_Handler
 .text.SysTick_Handler
                0x0000000008003b68       0x10 ./Core/Src/stm32f4xx_it.o
                0x0000000008003b68                SysTick_Handler
 .text.EXTI1_IRQHandler
                0x0000000008003b78        0xe ./Core/Src/stm32f4xx_it.o
                0x0000000008003b78                EXTI1_IRQHandler
 .text.EXTI3_IRQHandler
                0x0000000008003b86        0xe ./Core/Src/stm32f4xx_it.o
                0x0000000008003b86                EXTI3_IRQHandler
 .text.USART1_IRQHandler
                0x0000000008003b94       0x6c ./Core/Src/stm32f4xx_it.o
                0x0000000008003b94                USART1_IRQHandler
 .text._sbrk    0x0000000008003c00       0x6c ./Core/Src/sysmem.o
                0x0000000008003c00                _sbrk
 .text.SystemInit
                0x0000000008003c6c       0x24 ./Core/Src/system_stm32f4xx.o
                0x0000000008003c6c                SystemInit
 .text.MX_TIM7_Init
                0x0000000008003c90       0x6c ./Core/Src/tim.o
                0x0000000008003c90                MX_TIM7_Init
 .text.HAL_TIM_Base_MspInit
                0x0000000008003cfc       0x50 ./Core/Src/tim.o
                0x0000000008003cfc                HAL_TIM_Base_MspInit
 .text.MX_USART1_UART_Init
                0x0000000008003d4c       0x54 ./Core/Src/usart.o
                0x0000000008003d4c                MX_USART1_UART_Init
 .text.MX_USART2_UART_Init
                0x0000000008003da0       0x54 ./Core/Src/usart.o
                0x0000000008003da0                MX_USART2_UART_Init
 .text.HAL_UART_MspInit
                0x0000000008003df4      0x118 ./Core/Src/usart.o
                0x0000000008003df4                HAL_UART_MspInit
 .text.Reset_Handler
                0x0000000008003f0c       0x50 ./Core/Startup/startup_stm32f405rgtx.o
                0x0000000008003f0c                Reset_Handler
 .text.Default_Handler
                0x0000000008003f5c        0x2 ./Core/Startup/startup_stm32f405rgtx.o
                0x0000000008003f5c                RTC_Alarm_IRQHandler
                0x0000000008003f5c                HASH_RNG_IRQHandler
                0x0000000008003f5c                EXTI2_IRQHandler
                0x0000000008003f5c                TIM8_CC_IRQHandler
                0x0000000008003f5c                TIM1_CC_IRQHandler
                0x0000000008003f5c                DMA2_Stream5_IRQHandler
                0x0000000008003f5c                DMA1_Stream5_IRQHandler
                0x0000000008003f5c                PVD_IRQHandler
                0x0000000008003f5c                SDIO_IRQHandler
                0x0000000008003f5c                TAMP_STAMP_IRQHandler
                0x0000000008003f5c                CAN2_RX1_IRQHandler
                0x0000000008003f5c                TIM8_TRG_COM_TIM14_IRQHandler
                0x0000000008003f5c                TIM1_UP_TIM10_IRQHandler
                0x0000000008003f5c                TIM8_UP_TIM13_IRQHandler
                0x0000000008003f5c                I2C3_ER_IRQHandler
                0x0000000008003f5c                EXTI0_IRQHandler
                0x0000000008003f5c                I2C2_EV_IRQHandler
                0x0000000008003f5c                DMA1_Stream2_IRQHandler
                0x0000000008003f5c                CAN1_RX0_IRQHandler
                0x0000000008003f5c                FPU_IRQHandler
                0x0000000008003f5c                OTG_HS_WKUP_IRQHandler
                0x0000000008003f5c                CAN2_SCE_IRQHandler
                0x0000000008003f5c                DMA2_Stream2_IRQHandler
                0x0000000008003f5c                SPI1_IRQHandler
                0x0000000008003f5c                TIM6_DAC_IRQHandler
                0x0000000008003f5c                TIM1_BRK_TIM9_IRQHandler
                0x0000000008003f5c                CAN2_RX0_IRQHandler
                0x0000000008003f5c                DMA2_Stream3_IRQHandler
                0x0000000008003f5c                USART6_IRQHandler
                0x0000000008003f5c                USART3_IRQHandler
                0x0000000008003f5c                CAN1_RX1_IRQHandler
                0x0000000008003f5c                UART5_IRQHandler
                0x0000000008003f5c                DMA2_Stream0_IRQHandler
                0x0000000008003f5c                TIM4_IRQHandler
                0x0000000008003f5c                I2C1_EV_IRQHandler
                0x0000000008003f5c                DMA1_Stream6_IRQHandler
                0x0000000008003f5c                DMA1_Stream1_IRQHandler
                0x0000000008003f5c                UART4_IRQHandler
                0x0000000008003f5c                TIM3_IRQHandler
                0x0000000008003f5c                RCC_IRQHandler
                0x0000000008003f5c                TIM8_BRK_TIM12_IRQHandler
                0x0000000008003f5c                Default_Handler
                0x0000000008003f5c                EXTI15_10_IRQHandler
                0x0000000008003f5c                ADC_IRQHandler
                0x0000000008003f5c                DMA1_Stream7_IRQHandler
                0x0000000008003f5c                CAN2_TX_IRQHandler
                0x0000000008003f5c                TIM5_IRQHandler
                0x0000000008003f5c                DMA2_Stream7_IRQHandler
                0x0000000008003f5c                I2C3_EV_IRQHandler
                0x0000000008003f5c                EXTI9_5_IRQHandler
                0x0000000008003f5c                RTC_WKUP_IRQHandler
                0x0000000008003f5c                SPI2_IRQHandler
                0x0000000008003f5c                OTG_HS_EP1_IN_IRQHandler
                0x0000000008003f5c                DMA1_Stream0_IRQHandler
                0x0000000008003f5c                CAN1_TX_IRQHandler
                0x0000000008003f5c                EXTI4_IRQHandler
                0x0000000008003f5c                FSMC_IRQHandler
                0x0000000008003f5c                OTG_HS_EP1_OUT_IRQHandler
                0x0000000008003f5c                WWDG_IRQHandler
                0x0000000008003f5c                TIM2_IRQHandler
                0x0000000008003f5c                OTG_FS_WKUP_IRQHandler
                0x0000000008003f5c                TIM1_TRG_COM_TIM11_IRQHandler
                0x0000000008003f5c                OTG_HS_IRQHandler
                0x0000000008003f5c                I2C2_ER_IRQHandler
                0x0000000008003f5c                DMA2_Stream1_IRQHandler
                0x0000000008003f5c                CAN1_SCE_IRQHandler
                0x0000000008003f5c                FLASH_IRQHandler
                0x0000000008003f5c                DMA2_Stream4_IRQHandler
                0x0000000008003f5c                OTG_FS_IRQHandler
                0x0000000008003f5c                SPI3_IRQHandler
                0x0000000008003f5c                DMA1_Stream4_IRQHandler
                0x0000000008003f5c                I2C1_ER_IRQHandler
                0x0000000008003f5c                DMA2_Stream6_IRQHandler
                0x0000000008003f5c                DMA1_Stream3_IRQHandler
 *fill*         0x0000000008003f5e        0x2 
 .text.HAL_Init
                0x0000000008003f60       0x44 ./Drivers/STM32F4xx_HAL_Driver/Src/stm32f4xx_hal.o
                0x0000000008003f60                HAL_Init
 .text.HAL_InitTick
                0x0000000008003fa4       0x60 ./Drivers/STM32F4xx_HAL_Driver/Src/stm32f4xx_hal.o
                0x0000000008003fa4                HAL_InitTick
 .text.HAL_IncTick
                0x0000000008004004       0x28 ./Drivers/STM32F4xx_HAL_Driver/Src/stm32f4xx_hal.o
                0x0000000008004004                HAL_IncTick
 .text.HAL_GetTick
                0x000000000800402c       0x18 ./Drivers/STM32F4xx_HAL_Driver/Src/stm32f4xx_hal.o
                0x000000000800402c                HAL_GetTick
 .text.HAL_Delay
                0x0000000008004044       0x48 ./Drivers/STM32F4xx_HAL_Driver/Src/stm32f4xx_hal.o
                0x0000000008004044                HAL_Delay
 .text.__NVIC_SetPriorityGrouping
                0x000000000800408c       0x48 ./Drivers/STM32F4xx_HAL_Driver/Src/stm32f4xx_hal_cortex.o
 .text.__NVIC_GetPriorityGrouping
                0x00000000080040d4       0x1c ./Drivers/STM32F4xx_HAL_Driver/Src/stm32f4xx_hal_cortex.o
 .text.__NVIC_EnableIRQ
                0x00000000080040f0       0x3c ./Drivers/STM32F4xx_HAL_Driver/Src/stm32f4xx_hal_cortex.o
 .text.__NVIC_SetPriority
                0x000000000800412c       0x54 ./Drivers/STM32F4xx_HAL_Driver/Src/stm32f4xx_hal_cortex.o
 .text.NVIC_EncodePriority
                0x0000000008004180       0x66 ./Drivers/STM32F4xx_HAL_Driver/Src/stm32f4xx_hal_cortex.o
 *fill*         0x00000000080041e6        0x2 
 .text.SysTick_Config
                0x00000000080041e8       0x44 ./Drivers/STM32F4xx_HAL_Driver/Src/stm32f4xx_hal_cortex.o
 .text.HAL_NVIC_SetPriorityGrouping
                0x000000000800422c       0x16 ./Drivers/STM32F4xx_HAL_Driver/Src/stm32f4xx_hal_cortex.o
                0x000000000800422c                HAL_NVIC_SetPriorityGrouping
 .text.HAL_NVIC_SetPriority
                0x0000000008004242       0x38 ./Drivers/STM32F4xx_HAL_Driver/Src/stm32f4xx_hal_cortex.o
                0x0000000008004242                HAL_NVIC_SetPriority
 .text.HAL_NVIC_EnableIRQ
                0x000000000800427a       0x1c ./Drivers/STM32F4xx_HAL_Driver/Src/stm32f4xx_hal_cortex.o
                0x000000000800427a                HAL_NVIC_EnableIRQ
 .text.HAL_SYSTICK_Config
                0x0000000008004296       0x18 ./Drivers/STM32F4xx_HAL_Driver/Src/stm32f4xx_hal_cortex.o
                0x0000000008004296                HAL_SYSTICK_Config
 .text.HAL_DMA_Abort
                0x00000000080042ae       0xe0 ./Drivers/STM32F4xx_HAL_Driver/Src/stm32f4xx_hal_dma.o
                0x00000000080042ae                HAL_DMA_Abort
 .text.HAL_DMA_Abort_IT
                0x000000000800438e       0x44 ./Drivers/STM32F4xx_HAL_Driver/Src/stm32f4xx_hal_dma.o
                0x000000000800438e                HAL_DMA_Abort_IT
 *fill*         0x00000000080043d2        0x2 
 .text.HAL_GPIO_Init
                0x00000000080043d4      0x338 ./Drivers/STM32F4xx_HAL_Driver/Src/stm32f4xx_hal_gpio.o
                0x00000000080043d4                HAL_GPIO_Init
 .text.HAL_GPIO_WritePin
                0x000000000800470c       0x32 ./Drivers/STM32F4xx_HAL_Driver/Src/stm32f4xx_hal_gpio.o
                0x000000000800470c                HAL_GPIO_WritePin
 *fill*         0x000000000800473e        0x2 
 .text.HAL_GPIO_EXTI_IRQHandler
                0x0000000008004740       0x30 ./Drivers/STM32F4xx_HAL_Driver/Src/stm32f4xx_hal_gpio.o
                0x0000000008004740                HAL_GPIO_EXTI_IRQHandler
 .text.HAL_I2C_Init
                0x0000000008004770      0x288 ./Drivers/STM32F4xx_HAL_Driver/Src/stm32f4xx_hal_i2c.o
                0x0000000008004770                HAL_I2C_Init
 .text.HAL_RCC_OscConfig
                0x00000000080049f8      0x4f0 ./Drivers/STM32F4xx_HAL_Driver/Src/stm32f4xx_hal_rcc.o
                0x00000000080049f8                HAL_RCC_OscConfig
 .text.HAL_RCC_ClockConfig
                0x0000000008004ee8      0x1cc ./Drivers/STM32F4xx_HAL_Driver/Src/stm32f4xx_hal_rcc.o
                0x0000000008004ee8                HAL_RCC_ClockConfig
 .text.HAL_RCC_GetSysClockFreq
                0x00000000080050b4      0x20c ./Drivers/STM32F4xx_HAL_Driver/Src/stm32f4xx_hal_rcc.o
                0x00000000080050b4                HAL_RCC_GetSysClockFreq
 .text.HAL_RCC_GetHCLKFreq
                0x00000000080052c0       0x18 ./Drivers/STM32F4xx_HAL_Driver/Src/stm32f4xx_hal_rcc.o
                0x00000000080052c0                HAL_RCC_GetHCLKFreq
 .text.HAL_RCC_GetPCLK1Freq
                0x00000000080052d8       0x28 ./Drivers/STM32F4xx_HAL_Driver/Src/stm32f4xx_hal_rcc.o
                0x00000000080052d8                HAL_RCC_GetPCLK1Freq
 .text.HAL_RCC_GetPCLK2Freq
                0x0000000008005300       0x28 ./Drivers/STM32F4xx_HAL_Driver/Src/stm32f4xx_hal_rcc.o
                0x0000000008005300                HAL_RCC_GetPCLK2Freq
 .text.HAL_SPI_Init
                0x0000000008005328      0x112 ./Drivers/STM32F4xx_HAL_Driver/Src/stm32f4xx_hal_spi.o
                0x0000000008005328                HAL_SPI_Init
 .text.HAL_SPI_Transmit
                0x000000000800543a      0x278 ./Drivers/STM32F4xx_HAL_Driver/Src/stm32f4xx_hal_spi.o
                0x000000000800543a                HAL_SPI_Transmit
 .text.HAL_SPI_TransmitReceive
                0x00000000080056b2      0x344 ./Drivers/STM32F4xx_HAL_Driver/Src/stm32f4xx_hal_spi.o
                0x00000000080056b2                HAL_SPI_TransmitReceive
 *fill*         0x00000000080059f6        0x2 
 .text.SPI_WaitFlagStateUntilTimeout
                0x00000000080059f8      0x110 ./Drivers/STM32F4xx_HAL_Driver/Src/stm32f4xx_hal_spi.o
 .text.SPI_EndRxTxTransaction
                0x0000000008005b08       0x84 ./Drivers/STM32F4xx_HAL_Driver/Src/stm32f4xx_hal_spi.o
 .text.HAL_TIM_Base_Init
                0x0000000008005b8c       0x9e ./Drivers/STM32F4xx_HAL_Driver/Src/stm32f4xx_hal_tim.o
                0x0000000008005b8c                HAL_TIM_Base_Init
 *fill*         0x0000000008005c2a        0x2 
 .text.TIM_Base_SetConfig
                0x0000000008005c2c      0x140 ./Drivers/STM32F4xx_HAL_Driver/Src/stm32f4xx_hal_tim.o
                0x0000000008005c2c                TIM_Base_SetConfig
 .text.HAL_TIMEx_MasterConfigSynchronization
                0x0000000008005d6c       0xf8 ./Drivers/STM32F4xx_HAL_Driver/Src/stm32f4xx_hal_tim_ex.o
                0x0000000008005d6c                HAL_TIMEx_MasterConfigSynchronization
 .text.HAL_UART_Init
                0x0000000008005e64       0x9a ./Drivers/STM32F4xx_HAL_Driver/Src/stm32f4xx_hal_uart.o
                0x0000000008005e64                HAL_UART_Init
 .text.HAL_UART_Transmit
                0x0000000008005efe      0x124 ./Drivers/STM32F4xx_HAL_Driver/Src/stm32f4xx_hal_uart.o
                0x0000000008005efe                HAL_UART_Transmit
 *fill*         0x0000000008006022        0x2 
 .text.HAL_UART_IRQHandler
                0x0000000008006024      0x51c ./Drivers/STM32F4xx_HAL_Driver/Src/stm32f4xx_hal_uart.o
                0x0000000008006024                HAL_UART_IRQHandler
 .text.HAL_UART_TxCpltCallback
                0x0000000008006540       0x14 ./Drivers/STM32F4xx_HAL_Driver/Src/stm32f4xx_hal_uart.o
                0x0000000008006540                HAL_UART_TxCpltCallback
 .text.HAL_UART_RxCpltCallback
                0x0000000008006554       0x14 ./Drivers/STM32F4xx_HAL_Driver/Src/stm32f4xx_hal_uart.o
                0x0000000008006554                HAL_UART_RxCpltCallback
 .text.HAL_UART_ErrorCallback
                0x0000000008006568       0x14 ./Drivers/STM32F4xx_HAL_Driver/Src/stm32f4xx_hal_uart.o
                0x0000000008006568                HAL_UART_ErrorCallback
 .text.HAL_UARTEx_RxEventCallback
                0x000000000800657c       0x18 ./Drivers/STM32F4xx_HAL_Driver/Src/stm32f4xx_hal_uart.o
                0x000000000800657c                HAL_UARTEx_RxEventCallback
 .text.UART_WaitOnFlagUntilTimeout
                0x0000000008006594       0xdc ./Drivers/STM32F4xx_HAL_Driver/Src/stm32f4xx_hal_uart.o
 .text.UART_EndRxTransfer
                0x0000000008006670       0xc6 ./Drivers/STM32F4xx_HAL_Driver/Src/stm32f4xx_hal_uart.o
 .text.UART_DMAAbortOnError
                0x0000000008006736       0x28 ./Drivers/STM32F4xx_HAL_Driver/Src/stm32f4xx_hal_uart.o
 .text.UART_Transmit_IT
                0x000000000800675e       0xa0 ./Drivers/STM32F4xx_HAL_Driver/Src/stm32f4xx_hal_uart.o
 .text.UART_EndTransmit_IT
                0x00000000080067fe       0x30 ./Drivers/STM32F4xx_HAL_Driver/Src/stm32f4xx_hal_uart.o
 .text.UART_Receive_IT
                0x000000000800682e      0x176 ./Drivers/STM32F4xx_HAL_Driver/Src/stm32f4xx_hal_uart.o
 .text.UART_SetConfig
                0x00000000080069a4      0x4e8 ./Drivers/STM32F4xx_HAL_Driver/Src/stm32f4xx_hal_uart.o
 .text.__errno  0x0000000008006e8c        0xc c:/st/stm32cubeide_1.12.1/stm32cubeide/plugins/com.st.stm32cube.ide.mcu.externaltools.gnu-tools-for-stm32.10.3-2021.10.win32_1.0.200.202301161003/tools/bin/../lib/gcc/arm-none-eabi/10.3.1/../../../../arm-none-eabi/lib/thumb/v7e-m+fp/hard\libc_nano.a(lib_a-errno.o)
                0x0000000008006e8c                __errno
 .text.__libc_init_array
                0x0000000008006e98       0x48 c:/st/stm32cubeide_1.12.1/stm32cubeide/plugins/com.st.stm32cube.ide.mcu.externaltools.gnu-tools-for-stm32.10.3-2021.10.win32_1.0.200.202301161003/tools/bin/../lib/gcc/arm-none-eabi/10.3.1/../../../../arm-none-eabi/lib/thumb/v7e-m+fp/hard\libc_nano.a(lib_a-init.o)
                0x0000000008006e98                __libc_init_array
 .text.memcpy   0x0000000008006ee0       0x1c c:/st/stm32cubeide_1.12.1/stm32cubeide/plugins/com.st.stm32cube.ide.mcu.externaltools.gnu-tools-for-stm32.10.3-2021.10.win32_1.0.200.202301161003/tools/bin/../lib/gcc/arm-none-eabi/10.3.1/../../../../arm-none-eabi/lib/thumb/v7e-m+fp/hard\libc_nano.a(lib_a-memcpy-stub.o)
                0x0000000008006ee0                memcpy
 .text.memset   0x0000000008006efc       0x10 c:/st/stm32cubeide_1.12.1/stm32cubeide/plugins/com.st.stm32cube.ide.mcu.externaltools.gnu-tools-for-stm32.10.3-2021.10.win32_1.0.200.202301161003/tools/bin/../lib/gcc/arm-none-eabi/10.3.1/../../../../arm-none-eabi/lib/thumb/v7e-m+fp/hard\libc_nano.a(lib_a-memset.o)
                0x0000000008006efc                memset
 .text._printf_common
                0x0000000008006f0c       0xda c:/st/stm32cubeide_1.12.1/stm32cubeide/plugins/com.st.stm32cube.ide.mcu.externaltools.gnu-tools-for-stm32.10.3-2021.10.win32_1.0.200.202301161003/tools/bin/../lib/gcc/arm-none-eabi/10.3.1/../../../../arm-none-eabi/lib/thumb/v7e-m+fp/hard\libc_nano.a(lib_a-nano-vfprintf_i.o)
                0x0000000008006f0c                _printf_common
 *fill*         0x0000000008006fe6        0x2 
 .text._printf_i
                0x0000000008006fe8      0x24c c:/st/stm32cubeide_1.12.1/stm32cubeide/plugins/com.st.stm32cube.ide.mcu.externaltools.gnu-tools-for-stm32.10.3-2021.10.win32_1.0.200.202301161003/tools/bin/../lib/gcc/arm-none-eabi/10.3.1/../../../../arm-none-eabi/lib/thumb/v7e-m+fp/hard\libc_nano.a(lib_a-nano-vfprintf_i.o)
                0x0000000008006fe8                _printf_i
 .text.sprintf  0x0000000008007234       0x40 c:/st/stm32cubeide_1.12.1/stm32cubeide/plugins/com.st.stm32cube.ide.mcu.externaltools.gnu-tools-for-stm32.10.3-2021.10.win32_1.0.200.202301161003/tools/bin/../lib/gcc/arm-none-eabi/10.3.1/../../../../arm-none-eabi/lib/thumb/v7e-m+fp/hard\libc_nano.a(lib_a-sprintf.o)
                0x0000000008007234                siprintf
                0x0000000008007234                sprintf
 .text.__retarget_lock_acquire_recursive
                0x0000000008007274        0x2 c:/st/stm32cubeide_1.12.1/stm32cubeide/plugins/com.st.stm32cube.ide.mcu.externaltools.gnu-tools-for-stm32.10.3-2021.10.win32_1.0.200.202301161003/tools/bin/../lib/gcc/arm-none-eabi/10.3.1/../../../../arm-none-eabi/lib/thumb/v7e-m+fp/hard\libc_nano.a(lib_a-lock.o)
                0x0000000008007274                __retarget_lock_acquire_recursive
 .text.__retarget_lock_release_recursive
                0x0000000008007276        0x2 c:/st/stm32cubeide_1.12.1/stm32cubeide/plugins/com.st.stm32cube.ide.mcu.externaltools.gnu-tools-for-stm32.10.3-2021.10.win32_1.0.200.202301161003/tools/bin/../lib/gcc/arm-none-eabi/10.3.1/../../../../arm-none-eabi/lib/thumb/v7e-m+fp/hard\libc_nano.a(lib_a-lock.o)
                0x0000000008007276                __retarget_lock_release_recursive
 .text.memmove  0x0000000008007278       0x34 c:/st/stm32cubeide_1.12.1/stm32cubeide/plugins/com.st.stm32cube.ide.mcu.externaltools.gnu-tools-for-stm32.10.3-2021.10.win32_1.0.200.202301161003/tools/bin/../lib/gcc/arm-none-eabi/10.3.1/../../../../arm-none-eabi/lib/thumb/v7e-m+fp/hard\libc_nano.a(lib_a-memmove.o)
                0x0000000008007278                memmove
 .text._free_r  0x00000000080072ac       0x98 c:/st/stm32cubeide_1.12.1/stm32cubeide/plugins/com.st.stm32cube.ide.mcu.externaltools.gnu-tools-for-stm32.10.3-2021.10.win32_1.0.200.202301161003/tools/bin/../lib/gcc/arm-none-eabi/10.3.1/../../../../arm-none-eabi/lib/thumb/v7e-m+fp/hard\libc_nano.a(lib_a-nano-freer.o)
                0x00000000080072ac                _free_r
 .text.sbrk_aligned
                0x0000000008007344       0x40 c:/st/stm32cubeide_1.12.1/stm32cubeide/plugins/com.st.stm32cube.ide.mcu.externaltools.gnu-tools-for-stm32.10.3-2021.10.win32_1.0.200.202301161003/tools/bin/../lib/gcc/arm-none-eabi/10.3.1/../../../../arm-none-eabi/lib/thumb/v7e-m+fp/hard\libc_nano.a(lib_a-nano-mallocr.o)
 .text._malloc_r
                0x0000000008007384       0xe8 c:/st/stm32cubeide_1.12.1/stm32cubeide/plugins/com.st.stm32cube.ide.mcu.externaltools.gnu-tools-for-stm32.10.3-2021.10.win32_1.0.200.202301161003/tools/bin/../lib/gcc/arm-none-eabi/10.3.1/../../../../arm-none-eabi/lib/thumb/v7e-m+fp/hard\libc_nano.a(lib_a-nano-mallocr.o)
                0x0000000008007384                _malloc_r
 .text._realloc_r
                0x000000000800746c       0x5e c:/st/stm32cubeide_1.12.1/stm32cubeide/plugins/com.st.stm32cube.ide.mcu.externaltools.gnu-tools-for-stm32.10.3-2021.10.win32_1.0.200.202301161003/tools/bin/../lib/gcc/arm-none-eabi/10.3.1/../../../../arm-none-eabi/lib/thumb/v7e-m+fp/hard\libc_nano.a(lib_a-nano-reallocr.o)
                0x000000000800746c                _realloc_r
 .text.__ssputs_r
                0x00000000080074ca       0xb6 c:/st/stm32cubeide_1.12.1/stm32cubeide/plugins/com.st.stm32cube.ide.mcu.externaltools.gnu-tools-for-stm32.10.3-2021.10.win32_1.0.200.202301161003/tools/bin/../lib/gcc/arm-none-eabi/10.3.1/../../../../arm-none-eabi/lib/thumb/v7e-m+fp/hard\libc_nano.a(lib_a-nano-svfprintf.o)
                0x00000000080074ca                __ssputs_r
 .text._svfprintf_r
                0x0000000008007580      0x200 c:/st/stm32cubeide_1.12.1/stm32cubeide/plugins/com.st.stm32cube.ide.mcu.externaltools.gnu-tools-for-stm32.10.3-2021.10.win32_1.0.200.202301161003/tools/bin/../lib/gcc/arm-none-eabi/10.3.1/../../../../arm-none-eabi/lib/thumb/v7e-m+fp/hard\libc_nano.a(lib_a-nano-svfprintf.o)
                0x0000000008007580                _svfiprintf_r
                0x0000000008007580                _svfprintf_r
 .text._sbrk_r  0x0000000008007780       0x20 c:/st/stm32cubeide_1.12.1/stm32cubeide/plugins/com.st.stm32cube.ide.mcu.externaltools.gnu-tools-for-stm32.10.3-2021.10.win32_1.0.200.202301161003/tools/bin/../lib/gcc/arm-none-eabi/10.3.1/../../../../arm-none-eabi/lib/thumb/v7e-m+fp/hard\libc_nano.a(lib_a-sbrkr.o)
                0x0000000008007780                _sbrk_r
 .text.__malloc_lock
                0x00000000080077a0        0xc c:/st/stm32cubeide_1.12.1/stm32cubeide/plugins/com.st.stm32cube.ide.mcu.externaltools.gnu-tools-for-stm32.10.3-2021.10.win32_1.0.200.202301161003/tools/bin/../lib/gcc/arm-none-eabi/10.3.1/../../../../arm-none-eabi/lib/thumb/v7e-m+fp/hard\libc_nano.a(lib_a-mlock.o)
                0x00000000080077a0                __malloc_lock
 .text.__malloc_unlock
                0x00000000080077ac        0xc c:/st/stm32cubeide_1.12.1/stm32cubeide/plugins/com.st.stm32cube.ide.mcu.externaltools.gnu-tools-for-stm32.10.3-2021.10.win32_1.0.200.202301161003/tools/bin/../lib/gcc/arm-none-eabi/10.3.1/../../../../arm-none-eabi/lib/thumb/v7e-m+fp/hard\libc_nano.a(lib_a-mlock.o)
                0x00000000080077ac                __malloc_unlock
 .text._malloc_usable_size_r
                0x00000000080077b8       0x10 c:/st/stm32cubeide_1.12.1/stm32cubeide/plugins/com.st.stm32cube.ide.mcu.externaltools.gnu-tools-for-stm32.10.3-2021.10.win32_1.0.200.202301161003/tools/bin/../lib/gcc/arm-none-eabi/10.3.1/../../../../arm-none-eabi/lib/thumb/v7e-m+fp/hard\libc_nano.a(lib_a-nano-msizer.o)
                0x00000000080077b8                _malloc_usable_size_r
 *(.glue_7)
 .glue_7        0x00000000080077c8        0x0 linker stubs
 *(.glue_7t)
 .glue_7t       0x00000000080077c8        0x0 linker stubs
 *(.eh_frame)
 .eh_frame      0x00000000080077c8        0x0 c:/st/stm32cubeide_1.12.1/stm32cubeide/plugins/com.st.stm32cube.ide.mcu.externaltools.gnu-tools-for-stm32.10.3-2021.10.win32_1.0.200.202301161003/tools/bin/../lib/gcc/arm-none-eabi/10.3.1/thumb/v7e-m+fp/hard/crtbegin.o
 *(.init)
 .init          0x00000000080077c8        0x4 c:/st/stm32cubeide_1.12.1/stm32cubeide/plugins/com.st.stm32cube.ide.mcu.externaltools.gnu-tools-for-stm32.10.3-2021.10.win32_1.0.200.202301161003/tools/bin/../lib/gcc/arm-none-eabi/10.3.1/thumb/v7e-m+fp/hard/crti.o
                0x00000000080077c8                _init
 .init          0x00000000080077cc        0x8 c:/st/stm32cubeide_1.12.1/stm32cubeide/plugins/com.st.stm32cube.ide.mcu.externaltools.gnu-tools-for-stm32.10.3-2021.10.win32_1.0.200.202301161003/tools/bin/../lib/gcc/arm-none-eabi/10.3.1/thumb/v7e-m+fp/hard/crtn.o
 *(.fini)
 .fini          0x00000000080077d4        0x4 c:/st/stm32cubeide_1.12.1/stm32cubeide/plugins/com.st.stm32cube.ide.mcu.externaltools.gnu-tools-for-stm32.10.3-2021.10.win32_1.0.200.202301161003/tools/bin/../lib/gcc/arm-none-eabi/10.3.1/thumb/v7e-m+fp/hard/crti.o
                0x00000000080077d4                _fini
 .fini          0x00000000080077d8        0x8 c:/st/stm32cubeide_1.12.1/stm32cubeide/plugins/com.st.stm32cube.ide.mcu.externaltools.gnu-tools-for-stm32.10.3-2021.10.win32_1.0.200.202301161003/tools/bin/../lib/gcc/arm-none-eabi/10.3.1/thumb/v7e-m+fp/hard/crtn.o
                0x00000000080077e0                . = ALIGN (0x4)
                0x00000000080077e0                _etext = .

.vfp11_veneer   0x00000000080077e0        0x0
 .vfp11_veneer  0x00000000080077e0        0x0 linker stubs

.v4_bx          0x00000000080077e0        0x0
 .v4_bx         0x00000000080077e0        0x0 linker stubs

.iplt           0x00000000080077e0        0x0
 .iplt          0x00000000080077e0        0x0 c:/st/stm32cubeide_1.12.1/stm32cubeide/plugins/com.st.stm32cube.ide.mcu.externaltools.gnu-tools-for-stm32.10.3-2021.10.win32_1.0.200.202301161003/tools/bin/../lib/gcc/arm-none-eabi/10.3.1/thumb/v7e-m+fp/hard/crtbegin.o

.rodata         0x00000000080077e0      0x234
                0x00000000080077e0                . = ALIGN (0x4)
 *(.rodata)
 .rodata        0x00000000080077e0       0x27 ./Bsp/cc1120.o
 *fill*         0x0000000008007807        0x1 
 .rodata        0x0000000008007808       0x8d ./Bsp/send_to_pc.o
 *(.rodata*)
 *fill*         0x0000000008007895        0x3 
 .rodata.preferredSettings
                0x0000000008007898       0xb8 ./Bsp/cc1120.o
 .rodata.paPowerRamp
                0x0000000008007950       0x13 ./Bsp/cc1120.o
 *fill*         0x0000000008007963        0x1 
 .rodata.AHBPrescTable
                0x0000000008007964       0x10 ./Core/Src/system_stm32f4xx.o
                0x0000000008007964                AHBPrescTable
 .rodata.APBPrescTable
                0x0000000008007974        0x8 ./Core/Src/system_stm32f4xx.o
                0x0000000008007974                APBPrescTable
 .rodata._printf_i.str1.1
                0x000000000800797c       0x22 c:/st/stm32cubeide_1.12.1/stm32cubeide/plugins/com.st.stm32cube.ide.mcu.externaltools.gnu-tools-for-stm32.10.3-2021.10.win32_1.0.200.202301161003/tools/bin/../lib/gcc/arm-none-eabi/10.3.1/../../../../arm-none-eabi/lib/thumb/v7e-m+fp/hard\libc_nano.a(lib_a-nano-vfprintf_i.o)
 *fill*         0x000000000800799e        0x2 
 .rodata.__sf_fake_stderr
                0x00000000080079a0       0x20 c:/st/stm32cubeide_1.12.1/stm32cubeide/plugins/com.st.stm32cube.ide.mcu.externaltools.gnu-tools-for-stm32.10.3-2021.10.win32_1.0.200.202301161003/tools/bin/../lib/gcc/arm-none-eabi/10.3.1/../../../../arm-none-eabi/lib/thumb/v7e-m+fp/hard\libc_nano.a(lib_a-findfp.o)
                0x00000000080079a0                __sf_fake_stderr
 .rodata.__sf_fake_stdin
                0x00000000080079c0       0x20 c:/st/stm32cubeide_1.12.1/stm32cubeide/plugins/com.st.stm32cube.ide.mcu.externaltools.gnu-tools-for-stm32.10.3-2021.10.win32_1.0.200.202301161003/tools/bin/../lib/gcc/arm-none-eabi/10.3.1/../../../../arm-none-eabi/lib/thumb/v7e-m+fp/hard\libc_nano.a(lib_a-findfp.o)
                0x00000000080079c0                __sf_fake_stdin
 .rodata.__sf_fake_stdout
                0x00000000080079e0       0x20 c:/st/stm32cubeide_1.12.1/stm32cubeide/plugins/com.st.stm32cube.ide.mcu.externaltools.gnu-tools-for-stm32.10.3-2021.10.win32_1.0.200.202301161003/tools/bin/../lib/gcc/arm-none-eabi/10.3.1/../../../../arm-none-eabi/lib/thumb/v7e-m+fp/hard\libc_nano.a(lib_a-findfp.o)
                0x00000000080079e0                __sf_fake_stdout
 .rodata._svfprintf_r.str1.1
                0x0000000008007a00       0x11 c:/st/stm32cubeide_1.12.1/stm32cubeide/plugins/com.st.stm32cube.ide.mcu.externaltools.gnu-tools-for-stm32.10.3-2021.10.win32_1.0.200.202301161003/tools/bin/../lib/gcc/arm-none-eabi/10.3.1/../../../../arm-none-eabi/lib/thumb/v7e-m+fp/hard\libc_nano.a(lib_a-nano-svfprintf.o)
                0x0000000008007a14                . = ALIGN (0x4)
 *fill*         0x0000000008007a11        0x3 

.ARM.extab      0x0000000008007a14        0x0
                0x0000000008007a14                . = ALIGN (0x4)
 *(.ARM.extab* .gnu.linkonce.armextab.*)
                0x0000000008007a14                . = ALIGN (0x4)

.ARM            0x0000000008007a14        0x8
                0x0000000008007a14                . = ALIGN (0x4)
                0x0000000008007a14                __exidx_start = .
 *(.ARM.exidx*)
 .ARM.exidx     0x0000000008007a14        0x8 c:/st/stm32cubeide_1.12.1/stm32cubeide/plugins/com.st.stm32cube.ide.mcu.externaltools.gnu-tools-for-stm32.10.3-2021.10.win32_1.0.200.202301161003/tools/bin/../lib/gcc/arm-none-eabi/10.3.1/thumb/v7e-m+fp/hard\libgcc.a(_udivmoddi4.o)
                0x0000000008007a1c                __exidx_end = .
                0x0000000008007a1c                . = ALIGN (0x4)

.rel.dyn        0x0000000008007a1c        0x0
 .rel.iplt      0x0000000008007a1c        0x0 c:/st/stm32cubeide_1.12.1/stm32cubeide/plugins/com.st.stm32cube.ide.mcu.externaltools.gnu-tools-for-stm32.10.3-2021.10.win32_1.0.200.202301161003/tools/bin/../lib/gcc/arm-none-eabi/10.3.1/thumb/v7e-m+fp/hard/crtbegin.o

.preinit_array  0x0000000008007a1c        0x0
                0x0000000008007a1c                . = ALIGN (0x4)
                0x0000000008007a1c                PROVIDE (__preinit_array_start = .)
 *(.preinit_array*)
                0x0000000008007a1c                PROVIDE (__preinit_array_end = .)
                0x0000000008007a1c                . = ALIGN (0x4)

.init_array     0x0000000008007a1c        0x4
                0x0000000008007a1c                . = ALIGN (0x4)
                0x0000000008007a1c                PROVIDE (__init_array_start = .)
 *(SORT_BY_NAME(.init_array.*))
 *(.init_array*)
 .init_array    0x0000000008007a1c        0x4 c:/st/stm32cubeide_1.12.1/stm32cubeide/plugins/com.st.stm32cube.ide.mcu.externaltools.gnu-tools-for-stm32.10.3-2021.10.win32_1.0.200.202301161003/tools/bin/../lib/gcc/arm-none-eabi/10.3.1/thumb/v7e-m+fp/hard/crtbegin.o
                0x0000000008007a20                PROVIDE (__init_array_end = .)
                0x0000000008007a20                . = ALIGN (0x4)

.fini_array     0x0000000008007a20        0x4
                0x0000000008007a20                . = ALIGN (0x4)
                [!provide]                        PROVIDE (__fini_array_start = .)
 *(SORT_BY_NAME(.fini_array.*))
 *(.fini_array*)
 .fini_array    0x0000000008007a20        0x4 c:/st/stm32cubeide_1.12.1/stm32cubeide/plugins/com.st.stm32cube.ide.mcu.externaltools.gnu-tools-for-stm32.10.3-2021.10.win32_1.0.200.202301161003/tools/bin/../lib/gcc/arm-none-eabi/10.3.1/thumb/v7e-m+fp/hard/crtbegin.o
                [!provide]                        PROVIDE (__fini_array_end = .)
                0x0000000008007a24                . = ALIGN (0x4)
                0x0000000008007a24                _sidata = LOADADDR (.data)

.data           0x0000000020000000       0x70 load address 0x0000000008007a24
                0x0000000020000000                . = ALIGN (0x4)
                0x0000000020000000                _sdata = .
 *(.data)
 *(.data*)
 .data.SystemCoreClock
                0x0000000020000000        0x4 ./Core/Src/system_stm32f4xx.o
                0x0000000020000000                SystemCoreClock
 .data.uwTickPrio
                0x0000000020000004        0x4 ./Drivers/STM32F4xx_HAL_Driver/Src/stm32f4xx_hal.o
                0x0000000020000004                uwTickPrio
 .data.uwTickFreq
                0x0000000020000008        0x1 ./Drivers/STM32F4xx_HAL_Driver/Src/stm32f4xx_hal.o
                0x0000000020000008                uwTickFreq
 *fill*         0x0000000020000009        0x3 
 .data._impure_ptr
                0x000000002000000c        0x4 c:/st/stm32cubeide_1.12.1/stm32cubeide/plugins/com.st.stm32cube.ide.mcu.externaltools.gnu-tools-for-stm32.10.3-2021.10.win32_1.0.200.202301161003/tools/bin/../lib/gcc/arm-none-eabi/10.3.1/../../../../arm-none-eabi/lib/thumb/v7e-m+fp/hard\libc_nano.a(lib_a-impure.o)
                0x000000002000000c                _impure_ptr
 .data.impure_data
                0x0000000020000010       0x60 c:/st/stm32cubeide_1.12.1/stm32cubeide/plugins/com.st.stm32cube.ide.mcu.externaltools.gnu-tools-for-stm32.10.3-2021.10.win32_1.0.200.202301161003/tools/bin/../lib/gcc/arm-none-eabi/10.3.1/../../../../arm-none-eabi/lib/thumb/v7e-m+fp/hard\libc_nano.a(lib_a-impure.o)
 *(.RamFunc)
 *(.RamFunc*)
                0x0000000020000070                . = ALIGN (0x4)
                0x0000000020000070                _edata = .
                0x0000000008007a94                _siccmram = LOADADDR (.ccmram)

.igot.plt       0x0000000020000070        0x0 load address 0x0000000008007a94
 .igot.plt      0x0000000020000070        0x0 c:/st/stm32cubeide_1.12.1/stm32cubeide/plugins/com.st.stm32cube.ide.mcu.externaltools.gnu-tools-for-stm32.10.3-2021.10.win32_1.0.200.202301161003/tools/bin/../lib/gcc/arm-none-eabi/10.3.1/thumb/v7e-m+fp/hard/crtbegin.o

.ccmram         0x0000000010000000        0x0 load address 0x0000000008007a94
                0x0000000010000000                . = ALIGN (0x4)
                0x0000000010000000                _sccmram = .
 *(.ccmram)
 *(.ccmram*)
                0x0000000010000000                . = ALIGN (0x4)
                0x0000000010000000                _eccmram = .
                0x0000000010000000                . = ALIGN (0x4)

.bss            0x0000000020000070      0x748
                0x0000000020000070                _sbss = .
                0x0000000020000070                __bss_start__ = _sbss
 *(.bss)
 .bss           0x0000000020000070       0x1c c:/st/stm32cubeide_1.12.1/stm32cubeide/plugins/com.st.stm32cube.ide.mcu.externaltools.gnu-tools-for-stm32.10.3-2021.10.win32_1.0.200.202301161003/tools/bin/../lib/gcc/arm-none-eabi/10.3.1/thumb/v7e-m+fp/hard/crtbegin.o
 *(.bss*)
 .bss.gdo0_cb   0x000000002000008c        0x4 ./Bsp/cc1120.o
                0x000000002000008c                gdo0_cb
 .bss.gdo2_cb   0x0000000020000090        0x4 ./Bsp/cc1120.o
                0x0000000020000090                gdo2_cb
 .bss.uart_flag
                0x0000000020000094        0x1 ./Bsp/packet.o
                0x0000000020000094                uart_flag
 *fill*         0x0000000020000095        0x3 
 .bss.used      0x0000000020000098        0x4 ./Bsp/packet.o
                0x0000000020000098                used
 .bss.rxrb      0x000000002000009c       0x10 ./Bsp/packet.o
                0x000000002000009c                rxrb
 .bss.rxdata    0x00000000200000ac       0x80 ./Bsp/packet.o
                0x00000000200000ac                rxdata
 .bss.cmdBuffer
                0x000000002000012c       0x80 ./Bsp/packet.o
                0x000000002000012c                cmdBuffer
 .bss.pktLen    0x00000000200001ac        0x2 ./Bsp/packet.o
 *fill*         0x00000000200001ae        0x2 
 .bss.send_pc_buf
                0x00000000200001b0       0x40 ./Bsp/send_to_pc.o
                0x00000000200001b0                send_pc_buf
 .bss.sw_timer_counter
                0x00000000200001f0        0x4 ./Bsp/softtimer.o
 .bss.sw_timer_handle_index
                0x00000000200001f4        0x2 ./Bsp/softtimer.o
 *fill*         0x00000000200001f6        0x2 
 .bss.swtimer_tbl
                0x00000000200001f8       0x14 ./Bsp/softtimer.o
 .bss.excute.0  0x000000002000020c        0x1 ./Bsp/softtimer.o
 *fill*         0x000000002000020d        0x3 
 .bss.node_id   0x0000000020000210       0x14 ./Bsp/tdma_c.o
                0x0000000020000210                node_id
 .bss.node_addr
                0x0000000020000224        0x1 ./Bsp/tdma_c.o
                0x0000000020000224                node_addr
 *fill*         0x0000000020000225        0x3 
 .bss.mac_slots
                0x0000000020000228       0x8c ./Bsp/tdma_c.o
                0x0000000020000228                mac_slots
 .bss.beacon_msg
                0x00000000200002b4       0x16 ./Bsp/tdma_c.o
                0x00000000200002b4                beacon_msg
 *fill*         0x00000000200002ca        0x2 
 .bss.data_msg  0x00000000200002cc        0xe ./Bsp/tdma_c.o
                0x00000000200002cc                data_msg
 *fill*         0x00000000200002da        0x2 
 .bss.footer    0x00000000200002dc        0x2 ./Bsp/tdma_c.o
                0x00000000200002dc                footer
 .bss.slot_count
                0x00000000200002de        0x2 ./Bsp/tdma_c.o
 .bss.new_data_cb
                0x00000000200002e0        0x4 ./Bsp/tdma_c.o
 .bss.src       0x00000000200002e4        0x1 ./Bsp/tdma_c.o
                0x00000000200002e4                src
 *fill*         0x00000000200002e5        0x3 
 .bss.slots     0x00000000200002e8        0xa ./Bsp/tdma_mgt.o
 *fill*         0x00000000200002f2        0x2 
 .bss.pxMBFrameCBByteReceived
                0x00000000200002f4        0x4 ./Bsp/freemodbus-v1.6/mb.o
                0x00000000200002f4                pxMBFrameCBByteReceived
 .bss.pxMBFrameCBTransmitterEmpty
                0x00000000200002f8        0x4 ./Bsp/freemodbus-v1.6/mb.o
                0x00000000200002f8                pxMBFrameCBTransmitterEmpty
 .bss.pxMBPortCBTimerExpired
                0x00000000200002fc        0x4 ./Bsp/freemodbus-v1.6/mb.o
                0x00000000200002fc                pxMBPortCBTimerExpired
 .bss.REG_INPUT_BUF
                0x0000000020000300      0x320 ./Bsp/freemodbus-v1.6/port.o
                0x0000000020000300                REG_INPUT_BUF
 .bss.hi2c1     0x0000000020000620       0x54 ./Core/Src/i2c.o
                0x0000000020000620                hi2c1
 .bss.mac_new_dataslot
                0x0000000020000674        0x2 ./Core/Src/main.o
                0x0000000020000674                mac_new_dataslot
 *fill*         0x0000000020000676        0x2 
 .bss.hspi1     0x0000000020000678       0x58 ./Core/Src/spi.o
                0x0000000020000678                hspi1
 .bss.__sbrk_heap_end
                0x00000000200006d0        0x4 ./Core/Src/sysmem.o
 .bss.htim7     0x00000000200006d4       0x48 ./Core/Src/tim.o
                0x00000000200006d4                htim7
 .bss.huart1    0x000000002000071c       0x44 ./Core/Src/usart.o
                0x000000002000071c                huart1
 .bss.huart2    0x0000000020000760       0x44 ./Core/Src/usart.o
                0x0000000020000760                huart2
 .bss.uwTick    0x00000000200007a4        0x4 ./Drivers/STM32F4xx_HAL_Driver/Src/stm32f4xx_hal.o
                0x00000000200007a4                uwTick
 .bss.__lock___malloc_recursive_mutex
                0x00000000200007a8        0x1 c:/st/stm32cubeide_1.12.1/stm32cubeide/plugins/com.st.stm32cube.ide.mcu.externaltools.gnu-tools-for-stm32.10.3-2021.10.win32_1.0.200.202301161003/tools/bin/../lib/gcc/arm-none-eabi/10.3.1/../../../../arm-none-eabi/lib/thumb/v7e-m+fp/hard\libc_nano.a(lib_a-lock.o)
                0x00000000200007a8                __lock___malloc_recursive_mutex
 *fill*         0x00000000200007a9        0x3 
 .bss.__malloc_free_list
                0x00000000200007ac        0x4 c:/st/stm32cubeide_1.12.1/stm32cubeide/plugins/com.st.stm32cube.ide.mcu.externaltools.gnu-tools-for-stm32.10.3-2021.10.win32_1.0.200.202301161003/tools/bin/../lib/gcc/arm-none-eabi/10.3.1/../../../../arm-none-eabi/lib/thumb/v7e-m+fp/hard\libc_nano.a(lib_a-nano-mallocr.o)
                0x00000000200007ac                __malloc_free_list
 .bss.__malloc_sbrk_start
                0x00000000200007b0        0x4 c:/st/stm32cubeide_1.12.1/stm32cubeide/plugins/com.st.stm32cube.ide.mcu.externaltools.gnu-tools-for-stm32.10.3-2021.10.win32_1.0.200.202301161003/tools/bin/../lib/gcc/arm-none-eabi/10.3.1/../../../../arm-none-eabi/lib/thumb/v7e-m+fp/hard\libc_nano.a(lib_a-nano-mallocr.o)
                0x00000000200007b0                __malloc_sbrk_start
 .bss.errno     0x00000000200007b4        0x4 c:/st/stm32cubeide_1.12.1/stm32cubeide/plugins/com.st.stm32cube.ide.mcu.externaltools.gnu-tools-for-stm32.10.3-2021.10.win32_1.0.200.202301161003/tools/bin/../lib/gcc/arm-none-eabi/10.3.1/../../../../arm-none-eabi/lib/thumb/v7e-m+fp/hard\libc_nano.a(lib_a-reent.o)
                0x00000000200007b4                errno
 *(COMMON)
                0x00000000200007b8                . = ALIGN (0x4)
                0x00000000200007b8                _ebss = .
                0x00000000200007b8                __bss_end__ = _ebss

._user_heap_stack
                0x00000000200007b8      0x600
                0x00000000200007b8                . = ALIGN (0x8)
                [!provide]                        PROVIDE (end = .)
                0x00000000200007b8                PROVIDE (_end = .)
                0x00000000200009b8                . = (. + _Min_Heap_Size)
 *fill*         0x00000000200007b8      0x200 
                0x0000000020000db8                . = (. + _Min_Stack_Size)
 *fill*         0x00000000200009b8      0x400 
                0x0000000020000db8                . = ALIGN (0x8)

/DISCARD/
 libc.a(*)
 libm.a(*)
 libgcc.a(*)

.ARM.attributes
                0x0000000000000000       0x30
 *(.ARM.attributes)
 .ARM.attributes
                0x0000000000000000       0x1e c:/st/stm32cubeide_1.12.1/stm32cubeide/plugins/com.st.stm32cube.ide.mcu.externaltools.gnu-tools-for-stm32.10.3-2021.10.win32_1.0.200.202301161003/tools/bin/../lib/gcc/arm-none-eabi/10.3.1/thumb/v7e-m+fp/hard/crti.o
 .ARM.attributes
                0x000000000000001e       0x34 c:/st/stm32cubeide_1.12.1/stm32cubeide/plugins/com.st.stm32cube.ide.mcu.externaltools.gnu-tools-for-stm32.10.3-2021.10.win32_1.0.200.202301161003/tools/bin/../lib/gcc/arm-none-eabi/10.3.1/thumb/v7e-m+fp/hard/crtbegin.o
 .ARM.attributes
                0x0000000000000052       0x34 ./Bsp/cc1120.o
 .ARM.attributes
                0x0000000000000086       0x34 ./Bsp/packet.o
 .ARM.attributes
                0x00000000000000ba       0x34 ./Bsp/ringbuf.o
 .ARM.attributes
                0x00000000000000ee       0x34 ./Bsp/send_to_pc.o
 .ARM.attributes
                0x0000000000000122       0x34 ./Bsp/softtimer.o
 .ARM.attributes
                0x0000000000000156       0x34 ./Bsp/tdma_c.o
 .ARM.attributes
                0x000000000000018a       0x34 ./Bsp/tdma_mgt.o
 .ARM.attributes
                0x00000000000001be       0x34 ./Bsp/freemodbus-v1.6/mb.o
 .ARM.attributes
                0x00000000000001f2       0x34 ./Bsp/freemodbus-v1.6/port.o
 .ARM.attributes
                0x0000000000000226       0x34 ./Bsp/freemodbus-v1.6/portserial.o
 .ARM.attributes
                0x000000000000025a       0x34 ./Bsp/freemodbus-v1.6/porttimer.o
 .ARM.attributes
                0x000000000000028e       0x34 ./Core/Src/gpio.o
 .ARM.attributes
                0x00000000000002c2       0x34 ./Core/Src/i2c.o
 .ARM.attributes
                0x00000000000002f6       0x34 ./Core/Src/main.o
 .ARM.attributes
                0x000000000000032a       0x34 ./Core/Src/spi.o
 .ARM.attributes
                0x000000000000035e       0x34 ./Core/Src/stm32f4xx_hal_msp.o
 .ARM.attributes
                0x0000000000000392       0x34 ./Core/Src/stm32f4xx_it.o
 .ARM.attributes
                0x00000000000003c6       0x34 ./Core/Src/sysmem.o
 .ARM.attributes
                0x00000000000003fa       0x34 ./Core/Src/system_stm32f4xx.o
 .ARM.attributes
                0x000000000000042e       0x34 ./Core/Src/tim.o
 .ARM.attributes
                0x0000000000000462       0x34 ./Core/Src/usart.o
 .ARM.attributes
                0x0000000000000496       0x21 ./Core/Startup/startup_stm32f405rgtx.o
 .ARM.attributes
                0x00000000000004b7       0x34 ./Drivers/STM32F4xx_HAL_Driver/Src/stm32f4xx_hal.o
 .ARM.attributes
                0x00000000000004eb       0x34 ./Drivers/STM32F4xx_HAL_Driver/Src/stm32f4xx_hal_cortex.o
 .ARM.attributes
                0x000000000000051f       0x34 ./Drivers/STM32F4xx_HAL_Driver/Src/stm32f4xx_hal_dma.o
 .ARM.attributes
                0x0000000000000553       0x34 ./Drivers/STM32F4xx_HAL_Driver/Src/stm32f4xx_hal_gpio.o
 .ARM.attributes
                0x0000000000000587       0x34 ./Drivers/STM32F4xx_HAL_Driver/Src/stm32f4xx_hal_i2c.o
 .ARM.attributes
                0x00000000000005bb       0x34 ./Drivers/STM32F4xx_HAL_Driver/Src/stm32f4xx_hal_rcc.o
 .ARM.attributes
                0x00000000000005ef       0x34 ./Drivers/STM32F4xx_HAL_Driver/Src/stm32f4xx_hal_spi.o
 .ARM.attributes
                0x0000000000000623       0x34 ./Drivers/STM32F4xx_HAL_Driver/Src/stm32f4xx_hal_tim.o
 .ARM.attributes
                0x0000000000000657       0x34 ./Drivers/STM32F4xx_HAL_Driver/Src/stm32f4xx_hal_tim_ex.o
 .ARM.attributes
                0x000000000000068b       0x34 ./Drivers/STM32F4xx_HAL_Driver/Src/stm32f4xx_hal_uart.o
 .ARM.attributes
                0x00000000000006bf       0x34 c:/st/stm32cubeide_1.12.1/stm32cubeide/plugins/com.st.stm32cube.ide.mcu.externaltools.gnu-tools-for-stm32.10.3-2021.10.win32_1.0.200.202301161003/tools/bin/../lib/gcc/arm-none-eabi/10.3.1/../../../../arm-none-eabi/lib/thumb/v7e-m+fp/hard\libc_nano.a(lib_a-errno.o)
 .ARM.attributes
                0x00000000000006f3       0x34 c:/st/stm32cubeide_1.12.1/stm32cubeide/plugins/com.st.stm32cube.ide.mcu.externaltools.gnu-tools-for-stm32.10.3-2021.10.win32_1.0.200.202301161003/tools/bin/../lib/gcc/arm-none-eabi/10.3.1/../../../../arm-none-eabi/lib/thumb/v7e-m+fp/hard\libc_nano.a(lib_a-impure.o)
 .ARM.attributes
                0x0000000000000727       0x34 c:/st/stm32cubeide_1.12.1/stm32cubeide/plugins/com.st.stm32cube.ide.mcu.externaltools.gnu-tools-for-stm32.10.3-2021.10.win32_1.0.200.202301161003/tools/bin/../lib/gcc/arm-none-eabi/10.3.1/../../../../arm-none-eabi/lib/thumb/v7e-m+fp/hard\libc_nano.a(lib_a-init.o)
 .ARM.attributes
                0x000000000000075b       0x34 c:/st/stm32cubeide_1.12.1/stm32cubeide/plugins/com.st.stm32cube.ide.mcu.externaltools.gnu-tools-for-stm32.10.3-2021.10.win32_1.0.200.202301161003/tools/bin/../lib/gcc/arm-none-eabi/10.3.1/../../../../arm-none-eabi/lib/thumb/v7e-m+fp/hard\libc_nano.a(lib_a-memcpy-stub.o)
 .ARM.attributes
                0x000000000000078f       0x34 c:/st/stm32cubeide_1.12.1/stm32cubeide/plugins/com.st.stm32cube.ide.mcu.externaltools.gnu-tools-for-stm32.10.3-2021.10.win32_1.0.200.202301161003/tools/bin/../lib/gcc/arm-none-eabi/10.3.1/../../../../arm-none-eabi/lib/thumb/v7e-m+fp/hard\libc_nano.a(lib_a-memset.o)
 .ARM.attributes
                0x00000000000007c3       0x34 c:/st/stm32cubeide_1.12.1/stm32cubeide/plugins/com.st.stm32cube.ide.mcu.externaltools.gnu-tools-for-stm32.10.3-2021.10.win32_1.0.200.202301161003/tools/bin/../lib/gcc/arm-none-eabi/10.3.1/../../../../arm-none-eabi/lib/thumb/v7e-m+fp/hard\libc_nano.a(lib_a-nano-vfprintf_i.o)
 .ARM.attributes
                0x00000000000007f7       0x34 c:/st/stm32cubeide_1.12.1/stm32cubeide/plugins/com.st.stm32cube.ide.mcu.externaltools.gnu-tools-for-stm32.10.3-2021.10.win32_1.0.200.202301161003/tools/bin/../lib/gcc/arm-none-eabi/10.3.1/../../../../arm-none-eabi/lib/thumb/v7e-m+fp/hard\libc_nano.a(lib_a-sprintf.o)
 .ARM.attributes
                0x000000000000082b       0x17 c:/st/stm32cubeide_1.12.1/stm32cubeide/plugins/com.st.stm32cube.ide.mcu.externaltools.gnu-tools-for-stm32.10.3-2021.10.win32_1.0.200.202301161003/tools/bin/../lib/gcc/arm-none-eabi/10.3.1/../../../../arm-none-eabi/lib/thumb/v7e-m+fp/hard\libc_nano.a(lib_a-strlen.o)
 .ARM.attributes
                0x0000000000000842       0x34 c:/st/stm32cubeide_1.12.1/stm32cubeide/plugins/com.st.stm32cube.ide.mcu.externaltools.gnu-tools-for-stm32.10.3-2021.10.win32_1.0.200.202301161003/tools/bin/../lib/gcc/arm-none-eabi/10.3.1/../../../../arm-none-eabi/lib/thumb/v7e-m+fp/hard\libc_nano.a(lib_a-findfp.o)
 .ARM.attributes
                0x0000000000000876       0x34 c:/st/stm32cubeide_1.12.1/stm32cubeide/plugins/com.st.stm32cube.ide.mcu.externaltools.gnu-tools-for-stm32.10.3-2021.10.win32_1.0.200.202301161003/tools/bin/../lib/gcc/arm-none-eabi/10.3.1/../../../../arm-none-eabi/lib/thumb/v7e-m+fp/hard\libc_nano.a(lib_a-lock.o)
 .ARM.attributes
                0x00000000000008aa       0x1c c:/st/stm32cubeide_1.12.1/stm32cubeide/plugins/com.st.stm32cube.ide.mcu.externaltools.gnu-tools-for-stm32.10.3-2021.10.win32_1.0.200.202301161003/tools/bin/../lib/gcc/arm-none-eabi/10.3.1/../../../../arm-none-eabi/lib/thumb/v7e-m+fp/hard\libc_nano.a(lib_a-memchr.o)
 .ARM.attributes
                0x00000000000008c6       0x34 c:/st/stm32cubeide_1.12.1/stm32cubeide/plugins/com.st.stm32cube.ide.mcu.externaltools.gnu-tools-for-stm32.10.3-2021.10.win32_1.0.200.202301161003/tools/bin/../lib/gcc/arm-none-eabi/10.3.1/../../../../arm-none-eabi/lib/thumb/v7e-m+fp/hard\libc_nano.a(lib_a-memmove.o)
 .ARM.attributes
                0x00000000000008fa       0x34 c:/st/stm32cubeide_1.12.1/stm32cubeide/plugins/com.st.stm32cube.ide.mcu.externaltools.gnu-tools-for-stm32.10.3-2021.10.win32_1.0.200.202301161003/tools/bin/../lib/gcc/arm-none-eabi/10.3.1/../../../../arm-none-eabi/lib/thumb/v7e-m+fp/hard\libc_nano.a(lib_a-nano-freer.o)
 .ARM.attributes
                0x000000000000092e       0x34 c:/st/stm32cubeide_1.12.1/stm32cubeide/plugins/com.st.stm32cube.ide.mcu.externaltools.gnu-tools-for-stm32.10.3-2021.10.win32_1.0.200.202301161003/tools/bin/../lib/gcc/arm-none-eabi/10.3.1/../../../../arm-none-eabi/lib/thumb/v7e-m+fp/hard\libc_nano.a(lib_a-nano-mallocr.o)
 .ARM.attributes
                0x0000000000000962       0x34 c:/st/stm32cubeide_1.12.1/stm32cubeide/plugins/com.st.stm32cube.ide.mcu.externaltools.gnu-tools-for-stm32.10.3-2021.10.win32_1.0.200.202301161003/tools/bin/../lib/gcc/arm-none-eabi/10.3.1/../../../../arm-none-eabi/lib/thumb/v7e-m+fp/hard\libc_nano.a(lib_a-nano-reallocr.o)
 .ARM.attributes
                0x0000000000000996       0x34 c:/st/stm32cubeide_1.12.1/stm32cubeide/plugins/com.st.stm32cube.ide.mcu.externaltools.gnu-tools-for-stm32.10.3-2021.10.win32_1.0.200.202301161003/tools/bin/../lib/gcc/arm-none-eabi/10.3.1/../../../../arm-none-eabi/lib/thumb/v7e-m+fp/hard\libc_nano.a(lib_a-nano-svfprintf.o)
 .ARM.attributes
                0x00000000000009ca       0x34 c:/st/stm32cubeide_1.12.1/stm32cubeide/plugins/com.st.stm32cube.ide.mcu.externaltools.gnu-tools-for-stm32.10.3-2021.10.win32_1.0.200.202301161003/tools/bin/../lib/gcc/arm-none-eabi/10.3.1/../../../../arm-none-eabi/lib/thumb/v7e-m+fp/hard\libc_nano.a(lib_a-sbrkr.o)
 .ARM.attributes
                0x00000000000009fe       0x34 c:/st/stm32cubeide_1.12.1/stm32cubeide/plugins/com.st.stm32cube.ide.mcu.externaltools.gnu-tools-for-stm32.10.3-2021.10.win32_1.0.200.202301161003/tools/bin/../lib/gcc/arm-none-eabi/10.3.1/../../../../arm-none-eabi/lib/thumb/v7e-m+fp/hard\libc_nano.a(lib_a-mlock.o)
 .ARM.attributes
                0x0000000000000a32       0x34 c:/st/stm32cubeide_1.12.1/stm32cubeide/plugins/com.st.stm32cube.ide.mcu.externaltools.gnu-tools-for-stm32.10.3-2021.10.win32_1.0.200.202301161003/tools/bin/../lib/gcc/arm-none-eabi/10.3.1/../../../../arm-none-eabi/lib/thumb/v7e-m+fp/hard\libc_nano.a(lib_a-nano-msizer.o)
 .ARM.attributes
                0x0000000000000a66       0x34 c:/st/stm32cubeide_1.12.1/stm32cubeide/plugins/com.st.stm32cube.ide.mcu.externaltools.gnu-tools-for-stm32.10.3-2021.10.win32_1.0.200.202301161003/tools/bin/../lib/gcc/arm-none-eabi/10.3.1/../../../../arm-none-eabi/lib/thumb/v7e-m+fp/hard\libc_nano.a(lib_a-reent.o)
 .ARM.attributes
                0x0000000000000a9a       0x1e c:/st/stm32cubeide_1.12.1/stm32cubeide/plugins/com.st.stm32cube.ide.mcu.externaltools.gnu-tools-for-stm32.10.3-2021.10.win32_1.0.200.202301161003/tools/bin/../lib/gcc/arm-none-eabi/10.3.1/thumb/v7e-m+fp/hard\libgcc.a(_arm_addsubdf3.o)
 .ARM.attributes
                0x0000000000000ab8       0x1e c:/st/stm32cubeide_1.12.1/stm32cubeide/plugins/com.st.stm32cube.ide.mcu.externaltools.gnu-tools-for-stm32.10.3-2021.10.win32_1.0.200.202301161003/tools/bin/../lib/gcc/arm-none-eabi/10.3.1/thumb/v7e-m+fp/hard\libgcc.a(_arm_cmpdf2.o)
 .ARM.attributes
                0x0000000000000ad6       0x1e c:/st/stm32cubeide_1.12.1/stm32cubeide/plugins/com.st.stm32cube.ide.mcu.externaltools.gnu-tools-for-stm32.10.3-2021.10.win32_1.0.200.202301161003/tools/bin/../lib/gcc/arm-none-eabi/10.3.1/thumb/v7e-m+fp/hard\libgcc.a(_aeabi_uldivmod.o)
 .ARM.attributes
                0x0000000000000af4       0x34 c:/st/stm32cubeide_1.12.1/stm32cubeide/plugins/com.st.stm32cube.ide.mcu.externaltools.gnu-tools-for-stm32.10.3-2021.10.win32_1.0.200.202301161003/tools/bin/../lib/gcc/arm-none-eabi/10.3.1/thumb/v7e-m+fp/hard\libgcc.a(_udivmoddi4.o)
 .ARM.attributes
                0x0000000000000b28       0x1e c:/st/stm32cubeide_1.12.1/stm32cubeide/plugins/com.st.stm32cube.ide.mcu.externaltools.gnu-tools-for-stm32.10.3-2021.10.win32_1.0.200.202301161003/tools/bin/../lib/gcc/arm-none-eabi/10.3.1/thumb/v7e-m+fp/hard\libgcc.a(_dvmd_tls.o)
 .ARM.attributes
                0x0000000000000b46       0x1e c:/st/stm32cubeide_1.12.1/stm32cubeide/plugins/com.st.stm32cube.ide.mcu.externaltools.gnu-tools-for-stm32.10.3-2021.10.win32_1.0.200.202301161003/tools/bin/../lib/gcc/arm-none-eabi/10.3.1/thumb/v7e-m+fp/hard/crtn.o
OUTPUT(FacMaster.elf elf32-littlearm)
LOAD linker stubs
LOAD c:/st/stm32cubeide_1.12.1/stm32cubeide/plugins/com.st.stm32cube.ide.mcu.externaltools.gnu-tools-for-stm32.10.3-2021.10.win32_1.0.200.202301161003/tools/bin/../lib/gcc/arm-none-eabi/10.3.1/../../../../arm-none-eabi/lib/thumb/v7e-m+fp/hard\libc.a
LOAD c:/st/stm32cubeide_1.12.1/stm32cubeide/plugins/com.st.stm32cube.ide.mcu.externaltools.gnu-tools-for-stm32.10.3-2021.10.win32_1.0.200.202301161003/tools/bin/../lib/gcc/arm-none-eabi/10.3.1/../../../../arm-none-eabi/lib/thumb/v7e-m+fp/hard\libm.a
LOAD c:/st/stm32cubeide_1.12.1/stm32cubeide/plugins/com.st.stm32cube.ide.mcu.externaltools.gnu-tools-for-stm32.10.3-2021.10.win32_1.0.200.202301161003/tools/bin/../lib/gcc/arm-none-eabi/10.3.1/thumb/v7e-m+fp/hard\libgcc.a

.debug_info     0x0000000000000000    0x188be
 .debug_info    0x0000000000000000     0x12dd ./Bsp/cc1120.o
 .debug_info    0x00000000000012dd      0x3a8 ./Bsp/packet.o
 .debug_info    0x0000000000001685      0x548 ./Bsp/ringbuf.o
 .debug_info    0x0000000000001bcd      0xdf6 ./Bsp/send_to_pc.o
 .debug_info    0x00000000000029c3      0x323 ./Bsp/softtimer.o
 .debug_info    0x0000000000002ce6      0xae9 ./Bsp/tdma_c.o
 .debug_info    0x00000000000037cf      0x159 ./Bsp/tdma_mgt.o
 .debug_info    0x0000000000003928      0x878 ./Bsp/freemodbus-v1.6/mb.o
 .debug_info    0x00000000000041a0      0x43b ./Bsp/freemodbus-v1.6/port.o
 .debug_info    0x00000000000045db      0x8dd ./Bsp/freemodbus-v1.6/portserial.o
 .debug_info    0x0000000000004eb8      0x861 ./Bsp/freemodbus-v1.6/porttimer.o
 .debug_info    0x0000000000005719      0x6c0 ./Core/Src/gpio.o
 .debug_info    0x0000000000005dd9      0xa0e ./Core/Src/i2c.o
 .debug_info    0x00000000000067e7      0xbb9 ./Core/Src/main.o
 .debug_info    0x00000000000073a0      0x9eb ./Core/Src/spi.o
 .debug_info    0x0000000000007d8b      0x2a8 ./Core/Src/stm32f4xx_hal_msp.o
 .debug_info    0x0000000000008033      0x753 ./Core/Src/stm32f4xx_it.o
 .debug_info    0x0000000000008786      0x171 ./Core/Src/sysmem.o
 .debug_info    0x00000000000088f7      0x523 ./Core/Src/system_stm32f4xx.o
 .debug_info    0x0000000000008e1a      0xbcd ./Core/Src/tim.o
 .debug_info    0x00000000000099e7      0xc68 ./Core/Src/usart.o
 .debug_info    0x000000000000a64f       0x22 ./Core/Startup/startup_stm32f405rgtx.o
 .debug_info    0x000000000000a671      0x96a ./Drivers/STM32F4xx_HAL_Driver/Src/stm32f4xx_hal.o
 .debug_info    0x000000000000afdb      0xe09 ./Drivers/STM32F4xx_HAL_Driver/Src/stm32f4xx_hal_cortex.o
 .debug_info    0x000000000000bde4      0x94f ./Drivers/STM32F4xx_HAL_Driver/Src/stm32f4xx_hal_dma.o
 .debug_info    0x000000000000c733      0x76a ./Drivers/STM32F4xx_HAL_Driver/Src/stm32f4xx_hal_gpio.o
 .debug_info    0x000000000000ce9d     0x2609 ./Drivers/STM32F4xx_HAL_Driver/Src/stm32f4xx_hal_i2c.o
 .debug_info    0x000000000000f4a6      0x966 ./Drivers/STM32F4xx_HAL_Driver/Src/stm32f4xx_hal_rcc.o
 .debug_info    0x000000000000fe0c     0x1758 ./Drivers/STM32F4xx_HAL_Driver/Src/stm32f4xx_hal_spi.o
 .debug_info    0x0000000000011564     0x2bbe ./Drivers/STM32F4xx_HAL_Driver/Src/stm32f4xx_hal_tim.o
 .debug_info    0x0000000000014122     0x15e0 ./Drivers/STM32F4xx_HAL_Driver/Src/stm32f4xx_hal_tim_ex.o
 .debug_info    0x0000000000015702     0x31bc ./Drivers/STM32F4xx_HAL_Driver/Src/stm32f4xx_hal_uart.o

.debug_abbrev   0x0000000000000000     0x3e01
 .debug_abbrev  0x0000000000000000      0x387 ./Bsp/cc1120.o
 .debug_abbrev  0x0000000000000387      0x17c ./Bsp/packet.o
 .debug_abbrev  0x0000000000000503      0x17a ./Bsp/ringbuf.o
 .debug_abbrev  0x000000000000067d      0x1de ./Bsp/send_to_pc.o
 .debug_abbrev  0x000000000000085b      0x14b ./Bsp/softtimer.o
 .debug_abbrev  0x00000000000009a6      0x393 ./Bsp/tdma_c.o
 .debug_abbrev  0x0000000000000d39       0xb9 ./Bsp/tdma_mgt.o
 .debug_abbrev  0x0000000000000df2      0x212 ./Bsp/freemodbus-v1.6/mb.o
 .debug_abbrev  0x0000000000001004      0x13d ./Bsp/freemodbus-v1.6/port.o
 .debug_abbrev  0x0000000000001141      0x224 ./Bsp/freemodbus-v1.6/portserial.o
 .debug_abbrev  0x0000000000001365      0x1d2 ./Bsp/freemodbus-v1.6/porttimer.o
 .debug_abbrev  0x0000000000001537      0x164 ./Core/Src/gpio.o
 .debug_abbrev  0x000000000000169b      0x1e0 ./Core/Src/i2c.o
 .debug_abbrev  0x000000000000187b      0x2b2 ./Core/Src/main.o
 .debug_abbrev  0x0000000000001b2d      0x1e0 ./Core/Src/spi.o
 .debug_abbrev  0x0000000000001d0d       0xd4 ./Core/Src/stm32f4xx_hal_msp.o
 .debug_abbrev  0x0000000000001de1      0x1b1 ./Core/Src/stm32f4xx_it.o
 .debug_abbrev  0x0000000000001f92       0xbb ./Core/Src/sysmem.o
 .debug_abbrev  0x000000000000204d      0x116 ./Core/Src/system_stm32f4xx.o
 .debug_abbrev  0x0000000000002163      0x1e0 ./Core/Src/tim.o
 .debug_abbrev  0x0000000000002343      0x205 ./Core/Src/usart.o
 .debug_abbrev  0x0000000000002548       0x12 ./Core/Startup/startup_stm32f405rgtx.o
 .debug_abbrev  0x000000000000255a      0x20d ./Drivers/STM32F4xx_HAL_Driver/Src/stm32f4xx_hal.o
 .debug_abbrev  0x0000000000002767      0x316 ./Drivers/STM32F4xx_HAL_Driver/Src/stm32f4xx_hal_cortex.o
 .debug_abbrev  0x0000000000002a7d      0x25b ./Drivers/STM32F4xx_HAL_Driver/Src/stm32f4xx_hal_dma.o
 .debug_abbrev  0x0000000000002cd8      0x1c4 ./Drivers/STM32F4xx_HAL_Driver/Src/stm32f4xx_hal_gpio.o
 .debug_abbrev  0x0000000000002e9c      0x297 ./Drivers/STM32F4xx_HAL_Driver/Src/stm32f4xx_hal_i2c.o
 .debug_abbrev  0x0000000000003133      0x2aa ./Drivers/STM32F4xx_HAL_Driver/Src/stm32f4xx_hal_rcc.o
 .debug_abbrev  0x00000000000033dd      0x26e ./Drivers/STM32F4xx_HAL_Driver/Src/stm32f4xx_hal_spi.o
 .debug_abbrev  0x000000000000364b      0x25d ./Drivers/STM32F4xx_HAL_Driver/Src/stm32f4xx_hal_tim.o
 .debug_abbrev  0x00000000000038a8      0x265 ./Drivers/STM32F4xx_HAL_Driver/Src/stm32f4xx_hal_tim_ex.o
 .debug_abbrev  0x0000000000003b0d      0x2f4 ./Drivers/STM32F4xx_HAL_Driver/Src/stm32f4xx_hal_uart.o

.debug_aranges  0x0000000000000000     0x1538
 .debug_aranges
                0x0000000000000000       0xe8 ./Bsp/cc1120.o
 .debug_aranges
                0x00000000000000e8       0x38 ./Bsp/packet.o
 .debug_aranges
                0x0000000000000120       0x98 ./Bsp/ringbuf.o
 .debug_aranges
                0x00000000000001b8       0x20 ./Bsp/send_to_pc.o
 .debug_aranges
                0x00000000000001d8       0x58 ./Bsp/softtimer.o
 .debug_aranges
                0x0000000000000230       0x68 ./Bsp/tdma_c.o
 .debug_aranges
                0x0000000000000298       0x30 ./Bsp/tdma_mgt.o
 .debug_aranges
                0x00000000000002c8       0x48 ./Bsp/freemodbus-v1.6/mb.o
 .debug_aranges
                0x0000000000000310       0x38 ./Bsp/freemodbus-v1.6/port.o
 .debug_aranges
                0x0000000000000348       0x50 ./Bsp/freemodbus-v1.6/portserial.o
 .debug_aranges
                0x0000000000000398       0x40 ./Bsp/freemodbus-v1.6/porttimer.o
 .debug_aranges
                0x00000000000003d8       0x20 ./Core/Src/gpio.o
 .debug_aranges
                0x00000000000003f8       0x30 ./Core/Src/i2c.o
 .debug_aranges
                0x0000000000000428       0x50 ./Core/Src/main.o
 .debug_aranges
                0x0000000000000478       0x30 ./Core/Src/spi.o
 .debug_aranges
                0x00000000000004a8       0x20 ./Core/Src/stm32f4xx_hal_msp.o
 .debug_aranges
                0x00000000000004c8       0x78 ./Core/Src/stm32f4xx_it.o
 .debug_aranges
                0x0000000000000540       0x20 ./Core/Src/sysmem.o
 .debug_aranges
                0x0000000000000560       0x28 ./Core/Src/system_stm32f4xx.o
 .debug_aranges
                0x0000000000000588       0x30 ./Core/Src/tim.o
 .debug_aranges
                0x00000000000005b8       0x38 ./Core/Src/usart.o
 .debug_aranges
                0x00000000000005f0       0x28 ./Core/Startup/startup_stm32f405rgtx.o
 .debug_aranges
                0x0000000000000618       0xf0 ./Drivers/STM32F4xx_HAL_Driver/Src/stm32f4xx_hal.o
 .debug_aranges
                0x0000000000000708      0x118 ./Drivers/STM32F4xx_HAL_Driver/Src/stm32f4xx_hal_cortex.o
 .debug_aranges
                0x0000000000000820       0x90 ./Drivers/STM32F4xx_HAL_Driver/Src/stm32f4xx_hal_dma.o
 .debug_aranges
                0x00000000000008b0       0x58 ./Drivers/STM32F4xx_HAL_Driver/Src/stm32f4xx_hal_gpio.o
 .debug_aranges
                0x0000000000000908      0x2a0 ./Drivers/STM32F4xx_HAL_Driver/Src/stm32f4xx_hal_i2c.o
 .debug_aranges
                0x0000000000000ba8       0x88 ./Drivers/STM32F4xx_HAL_Driver/Src/stm32f4xx_hal_rcc.o
 .debug_aranges
                0x0000000000000c30      0x1d0 ./Drivers/STM32F4xx_HAL_Driver/Src/stm32f4xx_hal_spi.o
 .debug_aranges
                0x0000000000000e00      0x3d0 ./Drivers/STM32F4xx_HAL_Driver/Src/stm32f4xx_hal_tim.o
 .debug_aranges
                0x00000000000011d0      0x168 ./Drivers/STM32F4xx_HAL_Driver/Src/stm32f4xx_hal_tim_ex.o
 .debug_aranges
                0x0000000000001338      0x200 ./Drivers/STM32F4xx_HAL_Driver/Src/stm32f4xx_hal_uart.o

.debug_ranges   0x0000000000000000     0x1388
 .debug_ranges  0x0000000000000000       0xd8 ./Bsp/cc1120.o
 .debug_ranges  0x00000000000000d8       0x28 ./Bsp/packet.o
 .debug_ranges  0x0000000000000100       0x88 ./Bsp/ringbuf.o
 .debug_ranges  0x0000000000000188       0x10 ./Bsp/send_to_pc.o
 .debug_ranges  0x0000000000000198       0x48 ./Bsp/softtimer.o
 .debug_ranges  0x00000000000001e0       0x58 ./Bsp/tdma_c.o
 .debug_ranges  0x0000000000000238       0x20 ./Bsp/tdma_mgt.o
 .debug_ranges  0x0000000000000258       0x38 ./Bsp/freemodbus-v1.6/mb.o
 .debug_ranges  0x0000000000000290       0x28 ./Bsp/freemodbus-v1.6/port.o
 .debug_ranges  0x00000000000002b8       0x40 ./Bsp/freemodbus-v1.6/portserial.o
 .debug_ranges  0x00000000000002f8       0x30 ./Bsp/freemodbus-v1.6/porttimer.o
 .debug_ranges  0x0000000000000328       0x10 ./Core/Src/gpio.o
 .debug_ranges  0x0000000000000338       0x20 ./Core/Src/i2c.o
 .debug_ranges  0x0000000000000358       0x40 ./Core/Src/main.o
 .debug_ranges  0x0000000000000398       0x20 ./Core/Src/spi.o
 .debug_ranges  0x00000000000003b8       0x10 ./Core/Src/stm32f4xx_hal_msp.o
 .debug_ranges  0x00000000000003c8       0x68 ./Core/Src/stm32f4xx_it.o
 .debug_ranges  0x0000000000000430       0x10 ./Core/Src/sysmem.o
 .debug_ranges  0x0000000000000440       0x18 ./Core/Src/system_stm32f4xx.o
 .debug_ranges  0x0000000000000458       0x20 ./Core/Src/tim.o
 .debug_ranges  0x0000000000000478       0x28 ./Core/Src/usart.o
 .debug_ranges  0x00000000000004a0       0x20 ./Core/Startup/startup_stm32f405rgtx.o
 .debug_ranges  0x00000000000004c0       0xe0 ./Drivers/STM32F4xx_HAL_Driver/Src/stm32f4xx_hal.o
 .debug_ranges  0x00000000000005a0      0x108 ./Drivers/STM32F4xx_HAL_Driver/Src/stm32f4xx_hal_cortex.o
 .debug_ranges  0x00000000000006a8       0x80 ./Drivers/STM32F4xx_HAL_Driver/Src/stm32f4xx_hal_dma.o
 .debug_ranges  0x0000000000000728       0x48 ./Drivers/STM32F4xx_HAL_Driver/Src/stm32f4xx_hal_gpio.o
 .debug_ranges  0x0000000000000770      0x2a8 ./Drivers/STM32F4xx_HAL_Driver/Src/stm32f4xx_hal_i2c.o
 .debug_ranges  0x0000000000000a18       0x78 ./Drivers/STM32F4xx_HAL_Driver/Src/stm32f4xx_hal_rcc.o
 .debug_ranges  0x0000000000000a90      0x1c0 ./Drivers/STM32F4xx_HAL_Driver/Src/stm32f4xx_hal_spi.o
 .debug_ranges  0x0000000000000c50      0x3c0 ./Drivers/STM32F4xx_HAL_Driver/Src/stm32f4xx_hal_tim.o
 .debug_ranges  0x0000000000001010      0x158 ./Drivers/STM32F4xx_HAL_Driver/Src/stm32f4xx_hal_tim_ex.o
 .debug_ranges  0x0000000000001168      0x220 ./Drivers/STM32F4xx_HAL_Driver/Src/stm32f4xx_hal_uart.o

.debug_macro    0x0000000000000000     0x6a04
 .debug_macro   0x0000000000000000      0x3f4 ./Bsp/cc1120.o
 .debug_macro   0x00000000000003f4       0x4c ./Bsp/cc1120.o
 .debug_macro   0x0000000000000440       0x1e ./Bsp/cc1120.o
 .debug_macro   0x000000000000045e       0x94 ./Bsp/cc1120.o
 .debug_macro   0x00000000000004f2       0x3c ./Bsp/cc1120.o
 .debug_macro   0x000000000000052e       0x34 ./Bsp/cc1120.o
 .debug_macro   0x0000000000000562       0x16 ./Bsp/cc1120.o
 .debug_macro   0x0000000000000578       0x57 ./Bsp/cc1120.o
 .debug_macro   0x00000000000005cf       0x97 ./Bsp/cc1120.o
 .debug_macro   0x0000000000000666      0x341 ./Bsp/cc1120.o
 .debug_macro   0x00000000000009a7       0xfd ./Bsp/cc1120.o
 .debug_macro   0x0000000000000aa4       0x10 ./Bsp/cc1120.o
 .debug_macro   0x0000000000000ab4       0x16 ./Bsp/cc1120.o
 .debug_macro   0x0000000000000aca       0x43 ./Bsp/cc1120.o
 .debug_macro   0x0000000000000b0d       0x34 ./Bsp/cc1120.o
 .debug_macro   0x0000000000000b41       0x10 ./Bsp/cc1120.o
 .debug_macro   0x0000000000000b51       0x58 ./Bsp/cc1120.o
 .debug_macro   0x0000000000000ba9       0x71 ./Bsp/cc1120.o
 .debug_macro   0x0000000000000c1a       0x1c ./Bsp/cc1120.o
 .debug_macro   0x0000000000000c36      0x12a ./Bsp/cc1120.o
 .debug_macro   0x0000000000000d60       0x10 ./Bsp/cc1120.o
 .debug_macro   0x0000000000000d70       0x1c ./Bsp/cc1120.o
 .debug_macro   0x0000000000000d8c       0x52 ./Bsp/cc1120.o
 .debug_macro   0x0000000000000dde       0x22 ./Bsp/cc1120.o
 .debug_macro   0x0000000000000e00       0x10 ./Bsp/cc1120.o
 .debug_macro   0x0000000000000e10       0x52 ./Bsp/cc1120.o
 .debug_macro   0x0000000000000e62       0xd5 ./Bsp/cc1120.o
 .debug_macro   0x0000000000000f37       0x1c ./Bsp/cc1120.o
 .debug_macro   0x0000000000000f53       0x3d ./Bsp/cc1120.o
 .debug_macro   0x0000000000000f90       0x16 ./Bsp/cc1120.o
 .debug_macro   0x0000000000000fa6      0x145 ./Bsp/cc1120.o
 .debug_macro   0x00000000000010eb       0x16 ./Bsp/cc1120.o
 .debug_macro   0x0000000000001101       0x35 ./Bsp/cc1120.o
 .debug_macro   0x0000000000001136       0x16 ./Bsp/cc1120.o
 .debug_macro   0x000000000000114c       0x29 ./Bsp/cc1120.o
 .debug_macro   0x0000000000001175       0x56 ./Bsp/cc1120.o
 .debug_macro   0x00000000000011cb       0x10 ./Bsp/cc1120.o
 .debug_macro   0x00000000000011db       0x22 ./Bsp/cc1120.o
 .debug_macro   0x00000000000011fd      0x57b ./Bsp/cc1120.o
 .debug_macro   0x0000000000001778       0xa4 ./Bsp/cc1120.o
 .debug_macro   0x000000000000181c      0x3e3 ./Bsp/packet.o
 .debug_macro   0x0000000000001bff       0x4c ./Bsp/packet.o
 .debug_macro   0x0000000000001c4b       0x94 ./Bsp/packet.o
 .debug_macro   0x0000000000001cdf       0x2e ./Bsp/packet.o
 .debug_macro   0x0000000000001d0d      0x1ec ./Bsp/ringbuf.o
 .debug_macro   0x0000000000001ef9      0x2e9 ./Bsp/send_to_pc.o
 .debug_macro   0x00000000000021e2       0x9a ./Bsp/send_to_pc.o
 .debug_macro   0x000000000000227c      0x21a ./Bsp/softtimer.o
 .debug_macro   0x0000000000002496       0x22 ./Bsp/softtimer.o
 .debug_macro   0x00000000000024b8      0x37c ./Bsp/tdma_c.o
 .debug_macro   0x0000000000002834      0x10e ./Bsp/tdma_c.o
 .debug_macro   0x0000000000002942       0x8d ./Bsp/tdma_c.o
 .debug_macro   0x00000000000029cf       0x16 ./Bsp/tdma_c.o
 .debug_macro   0x00000000000029e5       0x20 ./Bsp/tdma_c.o
 .debug_macro   0x0000000000002a05       0x16 ./Bsp/tdma_c.o
 .debug_macro   0x0000000000002a1b       0x28 ./Bsp/tdma_c.o
 .debug_macro   0x0000000000002a43      0x21d ./Bsp/tdma_mgt.o
 .debug_macro   0x0000000000002c60      0x1ec ./Bsp/freemodbus-v1.6/mb.o
 .debug_macro   0x0000000000002e4c       0x16 ./Bsp/freemodbus-v1.6/mb.o
 .debug_macro   0x0000000000002e62      0x460 ./Bsp/freemodbus-v1.6/mb.o
 .debug_macro   0x00000000000032c2       0x5e ./Bsp/freemodbus-v1.6/mb.o
 .debug_macro   0x0000000000003320       0x7c ./Bsp/freemodbus-v1.6/mb.o
 .debug_macro   0x000000000000339c       0x70 ./Bsp/freemodbus-v1.6/mb.o
 .debug_macro   0x000000000000340c       0x22 ./Bsp/freemodbus-v1.6/mb.o
 .debug_macro   0x000000000000342e      0x2cc ./Bsp/freemodbus-v1.6/port.o
 .debug_macro   0x00000000000036fa      0x104 ./Bsp/freemodbus-v1.6/port.o
 .debug_macro   0x00000000000037fe      0x29d ./Bsp/freemodbus-v1.6/portserial.o
 .debug_macro   0x0000000000003a9b      0x3c6 ./Bsp/freemodbus-v1.6/porttimer.o
 .debug_macro   0x0000000000003e61       0x1c ./Bsp/freemodbus-v1.6/porttimer.o
 .debug_macro   0x0000000000003e7d      0x20c ./Core/Src/gpio.o
 .debug_macro   0x0000000000004089      0x20c ./Core/Src/i2c.o
 .debug_macro   0x0000000000004295      0x289 ./Core/Src/main.o
 .debug_macro   0x000000000000451e       0xd0 ./Core/Src/main.o
 .debug_macro   0x00000000000045ee      0x20c ./Core/Src/spi.o
 .debug_macro   0x00000000000047fa      0x202 ./Core/Src/stm32f4xx_hal_msp.o
 .debug_macro   0x00000000000049fc      0x240 ./Core/Src/stm32f4xx_it.o
 .debug_macro   0x0000000000004c3c       0x28 ./Core/Src/stm32f4xx_it.o
 .debug_macro   0x0000000000004c64       0xff ./Core/Src/sysmem.o
 .debug_macro   0x0000000000004d63      0x23b ./Core/Src/sysmem.o
 .debug_macro   0x0000000000004f9e      0x1f2 ./Core/Src/system_stm32f4xx.o
 .debug_macro   0x0000000000005190      0x20c ./Core/Src/tim.o
 .debug_macro   0x000000000000539c      0x20c ./Core/Src/usart.o
 .debug_macro   0x00000000000055a8      0x252 ./Drivers/STM32F4xx_HAL_Driver/Src/stm32f4xx_hal.o
 .debug_macro   0x00000000000057fa      0x1f2 ./Drivers/STM32F4xx_HAL_Driver/Src/stm32f4xx_hal_cortex.o
 .debug_macro   0x00000000000059ec      0x1f8 ./Drivers/STM32F4xx_HAL_Driver/Src/stm32f4xx_hal_dma.o
 .debug_macro   0x0000000000005be4      0x1f8 ./Drivers/STM32F4xx_HAL_Driver/Src/stm32f4xx_hal_gpio.o
 .debug_macro   0x0000000000005ddc      0x239 ./Drivers/STM32F4xx_HAL_Driver/Src/stm32f4xx_hal_i2c.o
 .debug_macro   0x0000000000006015      0x216 ./Drivers/STM32F4xx_HAL_Driver/Src/stm32f4xx_hal_rcc.o
 .debug_macro   0x000000000000622b      0x201 ./Drivers/STM32F4xx_HAL_Driver/Src/stm32f4xx_hal_spi.o
 .debug_macro   0x000000000000642c      0x1f3 ./Drivers/STM32F4xx_HAL_Driver/Src/stm32f4xx_hal_tim.o
 .debug_macro   0x000000000000661f      0x1f2 ./Drivers/STM32F4xx_HAL_Driver/Src/stm32f4xx_hal_tim_ex.o
 .debug_macro   0x0000000000006811      0x1f3 ./Drivers/STM32F4xx_HAL_Driver/Src/stm32f4xx_hal_uart.o

.debug_line     0x0000000000000000    0x1cd71
 .debug_line    0x0000000000000000      0xf99 ./Bsp/cc1120.o
 .debug_line    0x0000000000000f99      0xa6a ./Bsp/packet.o
 .debug_line    0x0000000000001a03      0x861 ./Bsp/ringbuf.o
 .debug_line    0x0000000000002264      0xcac ./Bsp/send_to_pc.o
 .debug_line    0x0000000000002f10      0x8b2 ./Bsp/softtimer.o
 .debug_line    0x00000000000037c2      0xbe7 ./Bsp/tdma_c.o