../Bsp/freemodbus-v1.6/mbrtu.c:82:1:eMBRTUInit	24	static,ignoring_inline_asm
../Bsp/freemodbus-v1.6/mbrtu.c:127:1:eMBRTUStart	8	static,ignoring_inline_asm
../Bsp/freemodbus-v1.6/mbrtu.c:143:1:eMBRTUStop	8	static,ignoring_inline_asm
../Bsp/freemodbus-v1.6/mbrtu.c:152:1:eMBRTUReceive	32	static,ignoring_inline_asm
../Bsp/freemodbus-v1.6/mbrtu.c:186:1:eMBRTUSend	24	static,ignoring_inline_asm
../Bsp/freemodbus-v1.6/mbrtu.c:225:1:xMBRTUReceiveFSM	16	static
../Bsp/freemodbus-v1.6/mbrtu.c:285:1:xMBRTUTransmitFSM	16	static
../Bsp/freemodbus-v1.6/mbrtu.c:323:1:xMBRTUTimerT35Expired	16	static
